#
# A fatal error has been detected by the Java Runtime Environment:
#
#  EXCEPTION_ACCESS_VIOLATION (0xc0000005) at pc=0x00007fffd323433a, pid=55728, tid=37156
#
# JRE version: OpenJDK Runtime Environment Temurin-25.0.1+8 (25.0.1+8) (build 25.0.1+8-LTS)
# Java VM: OpenJDK 64-Bit Server VM Temurin-25.0.1+8 (25.0.1+8-LTS, mixed mode, sharing, tiered, compressed oops, compressed class ptrs, g1 gc, windows-amd64)
# Problematic frame:
# C  [msvcrt.dll+0x5433a]
#
# No core dump will be written. Minidumps are not enabled by default on client versions of Windows
#
# If you would like to submit a bug report, please visit:
#   https://github.com/adoptium/adoptium-support/issues
# The crash happened outside the Java Virtual Machine in native code.
# See problematic frame for where to report the bug.
#

---------------  S U M M A R Y ------------

Command Line: --module-path=C:\Users\Pedro\.m2\repository\org\openjfx\javafx-base\21\javafx-base-21-win.jar;C:\Users\Pedro\.m2\repository\org\openjfx\javafx-base\21\javafx-base-21.jar;C:\Users\Pedro\.m2\repository\org\openjfx\javafx-controls\21\javafx-controls-21-win.jar;C:\Users\Pedro\.m2\repository\org\openjfx\javafx-controls\21\javafx-controls-21.jar;C:\Users\Pedro\.m2\repository\org\openjfx\javafx-graphics\21\javafx-graphics-21-win.jar;C:\Users\Pedro\.m2\repository\org\openjfx\javafx-graphics\21\javafx-graphics-21.jar --add-modules=javafx.base,javafx.controls,javafx.graphics view.Main --gpu

Host: 13th Gen Intel(R) Core(TM) i9-13900HX, 32 cores, 15G,  Windows 11 , 64 bit Build 26100 (10.0.26100.8521)
Time: Mon Jul 20 16:39:05 2026 E. South America Standard Time elapsed time: 1.659426 seconds (0d 0h 0m 1s)

---------------  T H R E A D  ---------------

Current thread (0x0000021af4ff9a80):  JavaThread "JavaFX Application Thread"        [_thread_in_native, id=37156, stack(0x000000eefd100000,0x000000eefd200000) (1024K)]

Stack: [0x000000eefd100000,0x000000eefd200000],  sp=0x000000eefd1fdf10,  free space=1015k
Native frames: (J=compiled Java code, j=interpreted, Vv=VM code, C=native code)
C  [msvcrt.dll+0x5433a]  (no source info available)
C  [msvcrt.dll+0x4bcb0]  (no source info available)
C  0x0000000064507cf9  (no source info available)
C  0x0000021adda2d193  (no source info available)

The last pc belongs to native method entry point (kind = native) (printed below).
Java frames: (J=compiled Java code, j=interpreted, Vv=VM code)
j  com.aparapi.internal.jni.KernelRunnerJNI.runKernelJNI(JLcom/aparapi/Range;ZILjava/nio/ByteBuffer;Ljava/nio/ByteBuffer;)I+0
j  com.aparapi.internal.kernel.KernelRunner.executeOpenCL(Lcom/aparapi/device/Device;Lcom/aparapi/internal/kernel/KernelRunner$ExecutionSettings;)Lcom/aparapi/Kernel;+96
j  com.aparapi.internal.kernel.KernelRunner.executeInternalInner(Lcom/aparapi/internal/kernel/KernelRunner$ExecutionSettings;Lcom/aparapi/device/Device;Z)Lcom/aparapi/Kernel;+3592
j  com.aparapi.internal.kernel.KernelRunner.executeInternalOuter(Lcom/aparapi/internal/kernel/KernelRunner$ExecutionSettings;)Lcom/aparapi/Kernel;+4
j  com.aparapi.internal.kernel.KernelRunner.execute(Ljava/lang/String;Lcom/aparapi/Range;I)Lcom/aparapi/Kernel;+78
j  com.aparapi.Kernel.execute(Ljava/lang/String;Lcom/aparapi/Range;I)Lcom/aparapi/Kernel;+7
j  com.aparapi.Kernel.execute(Lcom/aparapi/Range;I)Lcom/aparapi/Kernel;+5
j  com.aparapi.Kernel.execute(Lcom/aparapi/Range;)Lcom/aparapi/Kernel;+3
j  Model.GPUSimulation.update(D)V+320
j  view.Main$1.handle(J)V+42
j  javafx.animation.AnimationTimer$AnimationTimerReceiver.lambda$handle$0(J)Ljava/lang/Void;+5 javafx.graphics@21
j  javafx.animation.AnimationTimer$AnimationTimerReceiver$$Lambda+0x00000000860f3cb8.run()Ljava/lang/Object;+8 javafx.graphics@21
j  java.security.AccessController.doPrivileged(Ljava/security/PrivilegedAction;Ljava/security/AccessControlContext;)Ljava/lang/Object;+1 java.base@25.0.1
j  javafx.animation.AnimationTimer$AnimationTimerReceiver.handle(J)V+34 javafx.graphics@21
j  com.sun.scenario.animation.AbstractPrimaryTimer.timePulseImpl(J)V+127 javafx.graphics@21
j  com.sun.scenario.animation.AbstractPrimaryTimer$MainLoop.run()V+41 javafx.graphics@21
j  com.sun.javafx.tk.quantum.QuantumToolkit.pulse(Z)V+76 javafx.graphics@21
j  com.sun.javafx.tk.quantum.QuantumToolkit.pulse()V+2 javafx.graphics@21
j  com.sun.javafx.tk.quantum.QuantumToolkit.pulseFromQueue()V+1 javafx.graphics@21
j  com.sun.javafx.tk.quantum.QuantumToolkit.lambda$runToolkit$11()V+1 javafx.graphics@21
j  com.sun.javafx.tk.quantum.QuantumToolkit$$Lambda+0x0000000086060418.run()V+4 javafx.graphics@21
j  com.sun.glass.ui.InvokeLaterDispatcher$Future.run()V+4 javafx.graphics@21
v  ~StubRoutines::call_stub 0x0000021adda212ed
j  com.sun.glass.ui.win.WinApplication._runLoop(Ljava/lang/Runnable;)V+0 javafx.graphics@21
j  com.sun.glass.ui.win.WinApplication.lambda$runLoop$3(ILjava/lang/Runnable;)V+8 javafx.graphics@21
j  com.sun.glass.ui.win.WinApplication$$Lambda+0x000000008605af08.run()V+12 javafx.graphics@21
j  java.lang.Thread.runWith(Ljava/lang/Object;Ljava/lang/Runnable;)V+5 java.base@25.0.1
j  java.lang.Thread.run()V+19 java.base@25.0.1
v  ~StubRoutines::call_stub 0x0000021adda212ed

siginfo: EXCEPTION_ACCESS_VIOLATION (0xc0000005), reading address 0x0000000000000001


Registers:
RAX=0x0000000000000001, RBX=0x0000000000000001, RCX=0x000000007ffffffe, RDX=0x0000000000000000
RSP=0x000000eefd1fdf10, RBP=0x000000eefd1fe010, RSI=0x000000006451f1b7, RDI=0x0000000000000073
R8 =0x000000eefd1fdf50, R9 =0x000000eefd1fe2a8, R10=0xffffffffffffffff, R11=0x000000eefd1fe2b0
R12=0x0000000000000000, R13=0x00000000ffffffff, R14=0x0000000000000060, R15=0x000000eefd1fe2a8
RIP=0x00007fffd323433a, EFLAGS=0x0000000000010202

XMM[0]=0x0000021acc0e46e0 0x00007fffd327d0a0
XMM[1]=0x0000000000000000 0x0000101400445000
XMM[2]=0x6b206d756d697861 0x6d20736465656378
XMM[3]=0x6f6c206465776f6c 0x6c61206c656e7265
XMM[4]=0x363532203a666f20 0x657a6973206c6163
XMM[5]=0x0000000000000000 0x0000000000000000
XMM[6]=0x0000000000000000 0xe14fd9ee7c97227f
XMM[7]=0x0000000000000000 0xb76c25743b68cd3d
XMM[8]=0x0000000000000000 0x5120ff6c12573cf1
XMM[9]=0x0000000000000000 0x31d6c0c4abf9412a
XMM[10]=0x0000000000000000 0x000000007a228066
XMM[11]=0x0000000000000000 0x0f3bf6a5bb3537cf
XMM[12]=0x0000000000000000 0x00000000abf9412a
XMM[13]=0x0000000000000000 0x0000000000000000
XMM[14]=0x0000000000000000 0x0000000000000000
XMM[15]=0x0000000000000000 0x0000000000000000
  MXCSR=0x00001fa1


Register to memory mapping:

RAX=0x0000000000000001 is an unknown value
RBX=0x0000000000000001 is an unknown value
RCX=0x000000007ffffffe is an unknown value
RDX=0x0 is null
RSP=0x000000eefd1fdf10 is pointing into the stack for thread: 0x0000021af4ff9a80
RBP=0x000000eefd1fe010 is pointing into the stack for thread: 0x0000021af4ff9a80
RSI=0x000000006451f1b7 points into unknown readable memory: 0a
RDI=0x0000000000000073 is an unknown value
R8 =0x000000eefd1fdf50 is pointing into the stack for thread: 0x0000021af4ff9a80
R9 =0x000000eefd1fe2a8 is pointing into the stack for thread: 0x0000021af4ff9a80
R10=0xffffffffffffffff is an unknown value
R11=0x000000eefd1fe2b0 is pointing into the stack for thread: 0x0000021af4ff9a80
R12=0x0 is null
R13=0x00000000ffffffff is an unknown value
R14=0x0000000000000060 is an unknown value
R15=0x000000eefd1fe2a8 is pointing into the stack for thread: 0x0000021af4ff9a80

Top of Stack: (sp=0x000000eefd1fdf10)
0x000000eefd1fdf10:   0000021afaab2660 0000000000000000   `&..............
0x000000eefd1fdf20:   0000000000000050 0000000000000000   P...............
0x000000eefd1fdf30:   0000000000000000 0000000000000000   ................
0x000000eefd1fdf40:   0000000000000000 0000000000000000   ................
0x000000eefd1fdf50:   0000000000000060 0000005000000000   `...........P...
0x000000eefd1fdf60:   000000eefd1fe2b0 0000000000000000   ................
0x000000eefd1fdf70:   0000000000000000 0000000000000000   ................
0x000000eefd1fdf80:   0000000700000000 0000000000000000   ................
0x000000eefd1fdf90:   00007fffd327da60 0000000000000000   `.'.............
0x000000eefd1fdfa0:   000000006451f1b7 00007fffd2461b6a   ..Qd....j.F.....
0x000000eefd1fdfb0:   00007fffd327d0a0 0000021acc0e46e0   ..'......F......
0x000000eefd1fdfc0:   0000021acc0ea3b0 0000000020474301   .........CG ....
0x000000eefd1fdfd0:   0000000000000000 0000000000000000   ................
0x000000eefd1fdfe0:   0000000000000000 0000000000000000   ................
0x000000eefd1fdff0:   0000000000000000 0000000000000000   ................
0x000000eefd1fe000:   0000000000000000 0000000000000000   ................
0x000000eefd1fe010:   0000000000000000 0000000000000000   ................
0x000000eefd1fe020:   0000000000000000 0000000000000000   ................
0x000000eefd1fe030:   0000000000000000 0000000000000000   ................
0x000000eefd1fe040:   0000000000000000 0000000000000000   ................
0x000000eefd1fe050:   0000000000000000 0000000000000000   ................
0x000000eefd1fe060:   0000000000000000 0000000000000000   ................
0x000000eefd1fe070:   0000000000000000 0000000000000000   ................
0x000000eefd1fe080:   0000000000000000 0000000000000000   ................
0x000000eefd1fe090:   0000000000000000 0000000000000000   ................
0x000000eefd1fe0a0:   0000000000000000 0000000000000000   ................
0x000000eefd1fe0b0:   0000000000000000 0000000000000000   ................
0x000000eefd1fe0c0:   0000000000000000 0000000000000000   ................
0x000000eefd1fe0d0:   0000000000000000 0000000000000000   ................
0x000000eefd1fe0e0:   0000000000000000 0000000000000000   ................
0x000000eefd1fe0f0:   0000000000000000 0000000000000000   ................
0x000000eefd1fe100:   0000000000000000 0000000000000000   ................

Instructions: (pc=0x00007fffd323433a)
  0x00007fffd323423a:   8b c3 f7 d0 a8 01 0f 84 00 07 00 00 c7 44 24 58
  0x00007fffd323424a:   01 00 00 00 d1 e9 eb 1d 33 c0 89 44 24 58 eb 15
  0x00007fffd323425a:   48 8d 15 cb 13 03 00 49 8b ca 48 8b da 48 ff c1
  0x00007fffd323426a:   38 04 0a 75 f8 89 4c 24 4c e9 44 ff ff ff 83 ea
  0x00007fffd323427a:   66 0f 84 03 ff ff ff 83 ea 01 0f 84 fa fe ff ff
  0x00007fffd323428a:   83 ea 02 0f 84 47 01 00 00 83 ea 05 0f 84 09 01
  0x00007fffd323429a:   00 00 83 ea 01 0f 84 e2 00 00 00 83 ea 01 0f 84
  0x00007fffd32342aa:   a2 00 00 00 83 ea 03 0f 84 24 fe ff ff 83 ea 02
  0x00007fffd32342ba:   74 11 83 fa 03 0f 85 f7 fe ff ff 8d 42 24 e9 93
  0x00007fffd32342ca:   00 00 00 41 ba 0a 00 00 00 be 00 02 00 00 41 be
  0x00007fffd32342da:   40 00 00 00 49 83 c3 08 4c 89 5c 24 50 4c 89 5d
  0x00007fffd32342ea:   98 41 0f ba e4 0f 72 0b 41 0f ba e4 0c 0f 83 f4
  0x00007fffd32342fa:   00 00 00 49 8b 01 45 84 e6 0f 84 1d 01 00 00 e9
  0x00007fffd323430a:   06 01 00 00 ff c9 66 39 10 74 08 48 83 c0 02 85
  0x00007fffd323431a:   c9 75 f1 48 2b c3 48 d1 f8 eb 22 48 85 db 48 8d
  0x00007fffd323432a:   05 fd 12 03 00 48 0f 45 c3 48 8b d8 eb 09 ff c9
=>0x00007fffd323433a:   38 10 74 07 48 ff c0 85 c9 75 f3 2b c3 89 44 24
  0x00007fffd323434a:   4c e9 6c fe ff ff 41 bd 10 00 00 00 41 0f ba ec
  0x00007fffd323435a:   0f b8 07 00 00 00 89 44 24 70 45 84 e4 79 13 04
  0x00007fffd323436a:   51 c6 44 24 44 30 88 44 24 45 c7 44 24 48 02 00
  0x00007fffd323437a:   00 00 41 ba 10 00 00 00 e9 4c ff ff ff b8 08 00
  0x00007fffd323438a:   00 00 44 8b d0 45 84 e4 0f 89 3b ff ff ff be 00
  0x00007fffd323439a:   02 00 00 44 0b e6 e9 33 ff ff ff 49 8b 39 49 83
  0x00007fffd32343aa:   c3 08 4c 89 5c 24 50 e8 7e f9 ff ff 85 c0 0f 84
  0x00007fffd32343ba:   88 05 00 00 41 f6 c4 20 74 06 66 44 89 37 eb 03
  0x00007fffd32343ca:   44 89 37 c7 44 24 60 01 00 00 00 e9 24 03 00 00
  0x00007fffd32343da:   41 be 40 00 00 00 be 00 02 00 00 45 0b e6 45 8d
  0x00007fffd32343ea:   56 ca e9 ed fe ff ff 41 8b c4 41 23 c6 41 f6 c4
  0x00007fffd32343fa:   20 74 10 85 c0 74 06 49 0f bf 01 eb 0d 41 0f b7
  0x00007fffd323440a:   01 eb 19 85 c0 74 12 49 63 01 48 85 c0 79 0d 48
  0x00007fffd323441a:   f7 d8 41 0f ba ec 08 eb 03 41 8b 01 41 f7 c4 00
  0x00007fffd323442a:   90 00 00 44 8b c0 4c 0f 45 c0 45 85 ed 79 08 41


Stack slot to memory mapping:

stack at sp + 0 slots: 0x0000021afaab2660 points into unknown readable memory: 0x6f206c656e72654b | 4b 65 72 6e 65 6c 20 6f
stack at sp + 1 slots: 0x0 is null
stack at sp + 2 slots: 0x0000000000000050 is an unknown value
stack at sp + 3 slots: 0x0 is null
stack at sp + 4 slots: 0x0 is null
stack at sp + 5 slots: 0x0 is null
stack at sp + 6 slots: 0x0 is null
stack at sp + 7 slots: 0x0 is null

Lock stack of current Java thread (top to bottom):

native method entry point (kind = native)  [0x0000021adda2cdc0, 0x0000021adda2d8b8]  2808 bytes
[MachCode]
  0x0000021adda2cdc0: 488b 4b08 | 0fb7 492e | 584c 8d74 | ccf8 6800 | 0000 0068 | 0000 0000 | 5055 488b | ec41 5548 
  0x0000021adda2cde0: 8b43 084c | 8d68 3848 | 8b40 0868 | 0000 0000 | 5348 8b50 | 1848 8b52 | 7048 8b12 | 5248 8b53 
  0x0000021adda2ce00: 1048 85d2 | 7407 4881 | c2d0 0000 | 0052 488b | 5010 5249 | 8bc6 482b | c548 c1e8 | 0350 6800 
  0x0000021adda2ce20: 0000 0068 | f7ff ffff | 41c6 87f1 | 0400 0001 | 488b 4310 | 4885 c074 | 208b 8890 | 0000 0083 
  0x0000021adda2ce40: c102 8988 | 9000 0000 | 2388 a400 | 0000 0f84 | b209 0000 | e9cf 0000 | 0048 8b43 | 1848 85c0 
  0x0000021adda2ce60: 0f85 b000 | 0000 e805 | 0000 00e9 | 9900 0000 | 488b d348 | 8d44 2408 | 4c89 6dc0 | 498b cfc5 
  0x0000021adda2ce80: f877 4989 | af38 0400 | 0049 8987 | 2804 0000 | 4883 ec20 | 40f6 c40f | 0f84 1900 | 0000 4883 
  0x0000021adda2cea0: ec08 48b8 | 602c 5e24 | ff7f 0000 | ffd0 4883 | c408 e90c | 0000 0048 | b860 2c5e | 24ff 7f00 
  0x0000021adda2cec0: 00ff d048 | 83c4 2049 | c787 2804 | 0000 0000 | 0000 49c7 | 8738 0400 | 0000 0000 | 0049 c787 
  0x0000021adda2cee0: 3004 0000 | 0000 0000 | c5f8 7749 | 837f 0800 | 0f84 0500 | 0000 e9e5 | 42ff ff4c | 8b6d c04c 
  0x0000021adda2cf00: 8b75 c84e | 8d74 f500 | c348 8b43 | 1848 85c0 | 0f84 1200 | 0000 8b48 | 0883 c102 | 8948 0823 
  0x0000021adda2cf20: 482c 0f84 | de08 0000 | 493b a770 | 0500 000f | 8748 0000 | 0089 8424 | 00f0 ffff | 8984 2400 
  0x0000021adda2cf40: e0ff ff89 | 8424 00d0 | ffff 8984 | 2400 c0ff | ff89 8424 | 00b0 ffff | 8984 2400 | a0ff ff89 
  0x0000021adda2cf60: 8424 0090 | ffff 8984 | 2400 80ff | ff49 3ba7 | 6805 0000 | 7607 4989 | a770 0500 | 0041 c687 
  0x0000021adda2cf80: f104 0000 | 0048 8b5d | e84c 8b5b | 0845 0fb7 | 5b2e 41c1 | e303 492b | e348 83ec | 2048 83e4 
  0x0000021adda2cfa0: f04c 8b5b | 604d 85db | 0f85 ab00 | 0000 e805 | 0000 00e9 | 9900 0000 | 488b d348 | 8d44 2408 
  0x0000021adda2cfc0: 4c89 6dc0 | 498b cfc5 | f877 4989 | af38 0400 | 0049 8987 | 2804 0000 | 4883 ec20 | 40f6 c40f 
  0x0000021adda2cfe0: 0f84 1900 | 0000 4883 | ec08 48b8 | 9055 5e24 | ff7f 0000 | ffd0 4883 | c408 e90c | 0000 0048 
  0x0000021adda2d000: b890 555e | 24ff 7f00 | 00ff d048 | 83c4 2049 | c787 2804 | 0000 0000 | 0000 49c7 | 8738 0400 
  0x0000021adda2d020: 0000 0000 | 0049 c787 | 3004 0000 | 0000 0000 | c5f8 7749 | 837f 0800 | 0f84 0500 | 0000 e99d 
  0x0000021adda2d040: 41ff ff4c | 8b6d c04c | 8b75 c84e | 8d74 f500 | c348 8b5d | e84c 8b5b | 6041 ffd3 | 488b 5de8 
  0x0000021adda2d060: 4889 4518 | 440f b75b | 2c41 f6c3 | 080f 841b | 0000 004c | 8b5b 084d | 8b5b 084d | 8b5b 184d 
  0x0000021adda2d080: 8b5b 704d | 8b1b 4c89 | 5d10 488d | 5510 488b | 4358 49ba | e026 9924 | ff7f 0000 | 493b c20f 
  0x0000021adda2d0a0: 85ab 0000 | 00e8 0500 | 0000 e999 | 0000 0048 | 8bd3 488d | 4424 084c | 896d c049 | 8bcf c5f8 
  0x0000021adda2d0c0: 7749 89af | 3804 0000 | 4989 8728 | 0400 0048 | 83ec 2040 | f6c4 0f0f | 8419 0000 | 0048 83ec 
  0x0000021adda2d0e0: 0848 b890 | 555e 24ff | 7f00 00ff | d048 83c4 | 08e9 0c00 | 0000 48b8 | 9055 5e24 | ff7f 0000 
  0x0000021adda2d100: ffd0 4883 | c420 49c7 | 8728 0400 | 0000 0000 | 0049 c787 | 3804 0000 | 0000 0000 | 49c7 8730 
  0x0000021adda2d120: 0400 0000 | 0000 00c5 | f877 4983 | 7f08 000f | 8405 0000 | 00e9 a640 | ffff 4c8b | 6dc0 4c8b 
  0x0000021adda2d140: 75c8 4e8d | 74f5 00c3 | 488b 5de8 | 488b 4358 | 498d 8f48 | 0400 004c | 8d15 d500 | 0000 4d89 
  0x0000021adda2d160: 9730 0400 | 00c5 f877 | 4989 af38 | 0400 0049 | 89a7 2804 | 0000 41c7 | 87d4 0400 | 0004 0000 
  0x0000021adda2d180: 0049 3ba7 | c805 0000 | 7607 4989 | a7c8 0500 | 00ff d049 | 3ba7 c805 | 0000 720b | 49c7 87c8 
  0x0000021adda2d1a0: 0500 0000 | 0000 00c5 | f877 4883 | ec10 c5fb | 1104 2448 | 83ec 1048 | 8904 2448 | c744 2408 
  0x0000021adda2d1c0: 0000 0000 | 41c7 87d4 | 0400 0005 | 0000 00f0 | 8344 24c0 | 0049 3b6f | 280f 870e | 0000 0041 
  0x0000021adda2d1e0: 83bf d004 | 0000 000f | 8420 0000 | 0049 8bcf | 4c8b e448 | 83ec 2048 | 83e4 f048 | b810 bc5f 
  0x0000021adda2d200: 24ff 7f00 | 00ff d049 | 8be4 4d33 | e441 c787 | d404 0000 | 0800 0000 | 4d8b 97f0 | 0500 0049 
  0x0000021adda2d220: 83fa 0074 | 3549 c787 | f005 0000 | 0000 0000 | 41ff e249 | ba60 bea2 | dd1a 0200 | 0041 ffd2 
  0x0000021adda2d240: 4883 ec10 | c5fb 1104 | 2448 83ec | 1048 8904 | 2448 c744 | 2408 0000 | 0000 49c7 | 8728 0400 
  0x0000021adda2d260: 0000 0000 | 0049 c787 | 3804 0000 | 0000 0000 | 49c7 8730 | 0400 0000 | 0000 00c5 | f877 4d8b 
  0x0000021adda2d280: 9fb8 0400 | 0041 c783 | 0001 0000 | 0000 0000 | 49bb 5aa7 | a2dd 1a02 | 0000 4c3b | 5d18 0f85 
  0x0000021adda2d2a0: 5501 0000 | 488b 0424 | 4883 c410 | 4885 c00f | 842f 0100 | 00a8 030f | 8508 0000 | 0048 8b00 
  0x0000021adda2d2c0: e91f 0100 | 00a8 010f | 8509 0000 | 0048 8b40 | fee9 0e01 | 0000 488b | 40ff 4180 | 7f48 000f 
  0x0000021adda2d2e0: 84ff 0000 | 0048 83f8 | 000f 84f5 | 0000 004d | 8b5f 384d | 85db 0f84 | 1400 0000 | 4983 eb08 
  0x0000021adda2d300: 4d89 5f38 | 4d03 5f40 | 4989 03e9 | d400 0000 | 4883 ec70 | 4889 0424 | 4889 4c24 | 0848 8954 
  0x0000021adda2d320: 2410 4c89 | 4424 184c | 894c 2420 | 4c89 5424 | 284c 895c | 2430 c5fb | 1144 2440 | c5fb 114c 
  0x0000021adda2d340: 2448 c5fb | 1154 2450 | c5fb 115c | 2458 c5fb | 1164 2460 | c5fb 116c | 2468 498b | d748 8bc8 
  0x0000021adda2d360: 4883 ec20 | 40f6 c40f | 0f84 1900 | 0000 4883 | ec08 48b8 | e080 5224 | ff7f 0000 | ffd0 4883 
  0x0000021adda2d380: c408 e90c | 0000 0048 | b8e0 8052 | 24ff 7f00 | 00ff d048 | 83c4 20c5 | fb10 6c24 | 68c5 fb10 
  0x0000021adda2d3a0: 6424 60c5 | fb10 5c24 | 58c5 fb10 | 5424 50c5 | fb10 4c24 | 48c5 fb10 | 4424 404c | 8b5c 2430 
  0x0000021adda2d3c0: 4c8b 5424 | 284c 8b4c | 2420 4c8b | 4424 1848 | 8b54 2410 | 488b 4c24 | 0848 8b04 | 2448 83c4 
  0x0000021adda2d3e0: 70c5 f877 | 4889 4510 | 4883 ec10 | 4889 0424 | 48c7 4424 | 0800 0000 | 0041 83bf | 5005 0000 
  0x0000021adda2d400: 020f 85bf | 0000 0048 | 81ec 8000 | 0000 4889 | 4424 7848 | 894c 2470 | 4889 5424 | 6848 895c 
  0x0000021adda2d420: 2460 4889 | 6c24 5048 | 8974 2448 | 4889 7c24 | 404c 8944 | 2438 4c89 | 4c24 304c | 8954 2428 
  0x0000021adda2d440: 4c89 5c24 | 204c 8964 | 2418 4c89 | 6c24 104c | 8974 2408 | 4c89 3c24 | 4c8b e448 | 83ec 2048 
  0x0000021adda2d460: 83e4 f048 | b850 0e99 | 24ff 7f00 | 00ff d049 | 8be4 4c8b | 3c24 4c8b | 7424 084c | 8b6c 2410 
  0x0000021adda2d480: 4c8b 6424 | 184c 8b5c | 2420 4c8b | 5424 284c | 8b4c 2430 | 4c8b 4424 | 3848 8b7c | 2440 488b 
  0x0000021adda2d4a0: 7424 4848 | 8b6c 2450 | 488b 5c24 | 6048 8b54 | 2468 488b | 4c24 7048 | 8b44 2478 | 4881 c480 
  0x0000021adda2d4c0: 0000 004d | 33e4 488b | 5de8 4c8b | 6b08 4d8d | 6d38 4983 | 7f08 000f | 84bb 0000 | 00e8 0500 
  0x0000021adda2d4e0: 0000 e996 | 0000 0048 | 8d44 2408 | 4c89 6dc0 | 498b cfc5 | f877 4989 | af38 0400 | 0049 8987 
  0x0000021adda2d500: 2804 0000 | 4883 ec20 | 40f6 c40f | 0f84 1900 | 0000 4883 | ec08 48b8 | d073 5e24 | ff7f 0000 
  0x0000021adda2d520: ffd0 4883 | c408 e90c | 0000 0048 | b8d0 735e | 24ff 7f00 | 00ff d048 | 83c4 2049 | c787 2804 
  0x0000021adda2d540: 0000 0000 | 0000 49c7 | 8738 0400 | 0000 0000 | 0049 c787 | 3004 0000 | 0000 0000 | c5f8 7749 
  0x0000021adda2d560: 837f 0800 | 0f84 0500 | 0000 e971 | 3cff ff4c | 8b6d c04c | 8b75 c84e | 8d74 f500 | c348 b940 
  0x0000021adda2d580: 00cb 24ff | 7f00 0048 | 83e4 f048 | b8c0 8985 | 24ff 7f00 | 00ff d0f4 | 440f b75b | 2c41 f6c3 
  0x0000021adda2d5a0: 200f 8472 | 0100 0048 | 8d55 a84c | 8b5a 084d | 85db 0f85 | bb00 0000 | e805 0000 | 00e9 9600 
  0x0000021adda2d5c0: 0000 488d | 4424 084c | 896d c049 | 8bcf c5f8 | 7749 89af | 3804 0000 | 4989 8728 | 0400 0048 
  0x0000021adda2d5e0: 83ec 2040 | f6c4 0f0f | 8419 0000 | 0048 83ec | 0848 b800 | 735e 24ff | 7f00 00ff | d048 83c4 
  0x0000021adda2d600: 08e9 0c00 | 0000 48b8 | 0073 5e24 | ff7f 0000 | ffd0 4883 | c420 49c7 | 8728 0400 | 0000 0000 
  0x0000021adda2d620: 0049 c787 | 3804 0000 | 0000 0000 | 49c7 8730 | 0400 0000 | 0000 00c5 | f877 4983 | 7f08 000f 
  0x0000021adda2d640: 8405 0000 | 00e9 963b | ffff 4c8b | 6dc0 4c8b | 75c8 4e8d | 74f5 00c3 | 48b9 4000 | cb24 ff7f 
  0x0000021adda2d660: 0000 4883 | e4f0 48b8 | c089 8524 | ff7f 0000 | ffd0 f44c | 896d c04c | 8b4a 0848 | c742 0800 
  0x0000021adda2d680: 0000 0045 | 8b87 d806 | 0000 4f3b | 4c07 f80f | 8542 0000 | 0041 83af | d806 0000 | 084f 3b4c 
  0x0000021adda2d6a0: 07f0 0f84 | 2a00 0000 | 498b 01a8 | 020f 8512 | 0000 004c | 8bc0 4983 | c801 f04d | 0fb1 010f 
  0x0000021adda2d6c0: 840d 0000 | 0041 8387 | d806 0000 | 08e9 0500 | 0000 e93e | 0000 004c | 894a 0848 | 8bca 4883 
  0x0000021adda2d6e0: ec20 40f6 | c40f 0f84 | 1900 0000 | 4883 ec08 | 48b8 5045 | 5e24 ff7f | 0000 ffd0 | 4883 c408 
  0x0000021adda2d700: e90c 0000 | 0048 b850 | 455e 24ff | 7f00 00ff | d048 83c4 | 204c 8b6d | c041 c687 | 9603 0000 
  0x0000021adda2d720: 0149 3b6f | 280f 8705 | 0000 00e9 | ab00 0000 | 4883 ec10 | c5fb 1104 | 2448 83ec | 1048 8904 
  0x0000021adda2d740: 2448 c744 | 2408 0000 | 0000 c5f8 | 7749 89af | 3804 0000 | 49ba 4ad7 | a2dd 1a02 | 0000 4d89 
  0x0000021adda2d760: 9730 0400 | 0049 89a7 | 2804 0000 | 498b cf48 | 83ec 2040 | f6c4 0f0f | 8419 0000 | 0048 83ec 
  0x0000021adda2d780: 0848 b8f0 | 2b5e 24ff | 7f00 00ff | d048 83c4 | 08e9 0c00 | 0000 48b8 | f02b 5e24 | ff7f 0000 
  0x0000021adda2d7a0: ffd0 4883 | c420 49c7 | 8728 0400 | 0000 0000 | 0049 c787 | 3804 0000 | 0000 0000 | 49c7 8730 
  0x0000021adda2d7c0: 0400 0000 | 0000 00c5 | f877 488b | 0424 4883 | c410 c5fb | 1004 2448 | 83c4 1048 | 8b04 2448 
  0x0000021adda2d7e0: 83c4 10c5 | fb10 0424 | 4883 c410 | 4c8b 5d18 | 41ff d34c | 8b5d f8c9 | 41c6 8796 | 0300 0000 
  0x0000021adda2d800: 5f49 8be3 | ffe7 ba00 | 0000 00e8 | 0500 0000 | e996 0000 | 0048 8d44 | 2408 4c89 | 6dc0 498b 
  0x0000021adda2d820: cfc5 f877 | 4989 af38 | 0400 0049 | 8987 2804 | 0000 4883 | ec20 40f6 | c40f 0f84 | 1900 0000 
  0x0000021adda2d840: 4883 ec08 | 48b8 403b | 5e24 ff7f | 0000 ffd0 | 4883 c408 | e90c 0000 | 0048 b840 | 3b5e 24ff 
  0x0000021adda2d860: 7f00 00ff | d048 83c4 | 2049 c787 | 2804 0000 | 0000 0000 | 49c7 8738 | 0400 0000 | 0000 0049 
  0x0000021adda2d880: c787 3004 | 0000 0000 | 0000 c5f8 | 7749 837f | 0800 0f84 | 0500 0000 | e943 39ff | ff4c 8b6d 
  0x0000021adda2d8a0: c04c 8b75 | c84e 8d74 | f500 c348 | 8b5d e8e9 | 74f6 ffff | 0f1f 4000 
[/MachCode]

---------------  P R O C E S S  ---------------

Threads class SMR info:
_java_thread_list=0x0000021af58e2020, length=20, elements={
0x0000021acbe10000, 0x0000021aeeaa58c0, 0x0000021aeeaa6080, 0x0000021aeeaa8d50,
0x0000021aeeaad200, 0x0000021aeeaadd70, 0x0000021aeeaae530, 0x0000021aeeabb060,
0x0000021aeeacdc90, 0x0000021aefb77790, 0x0000021aefbbe4b0, 0x0000021aefc3cae0,
0x0000021aefc3d490, 0x0000021aefca0ac0, 0x0000021af423ece0, 0x0000021af4908720,
0x0000021af4ca0ad0, 0x0000021af4ff9a80, 0x0000021af56250c0, 0x0000021af568f360
}

Java Threads: ( => current thread )
  0x0000021acbe10000 JavaThread "main"                              [_thread_blocked, id=25008, stack(0x000000eefbb00000,0x000000eefbc00000) (1024K)]
  0x0000021aeeaa58c0 JavaThread "Reference Handler"          daemon [_thread_blocked, id=56724, stack(0x000000eefc300000,0x000000eefc400000) (1024K)]
  0x0000021aeeaa6080 JavaThread "Finalizer"                  daemon [_thread_blocked, id=33872, stack(0x000000eefc400000,0x000000eefc500000) (1024K)]
  0x0000021aeeaa8d50 JavaThread "Signal Dispatcher"          daemon [_thread_blocked, id=59556, stack(0x000000eefc500000,0x000000eefc600000) (1024K)]
  0x0000021aeeaad200 JavaThread "Attach Listener"            daemon [_thread_blocked, id=27244, stack(0x000000eefc600000,0x000000eefc700000) (1024K)]
  0x0000021aeeaadd70 JavaThread "Service Thread"             daemon [_thread_blocked, id=15348, stack(0x000000eefc700000,0x000000eefc800000) (1024K)]
  0x0000021aeeaae530 JavaThread "Monitor Deflation Thread"   daemon [_thread_blocked, id=38560, stack(0x000000eefc800000,0x000000eefc900000) (1024K)]
  0x0000021aeeabb060 JavaThread "C2 CompilerThread0"         daemon [_thread_blocked, id=9352, stack(0x000000eefc900000,0x000000eefca00000) (1024K)]
  0x0000021aeeacdc90 JavaThread "C1 CompilerThread0"         daemon [_thread_blocked, id=15340, stack(0x000000eefca00000,0x000000eefcb00000) (1024K)]
  0x0000021aefb77790 JavaThread "C1 CompilerThread1"         daemon [_thread_blocked, id=51740, stack(0x000000eefcb00000,0x000000eefcc00000) (1024K)]
  0x0000021aefbbe4b0 JavaThread "Common-Cleaner"             daemon [_thread_blocked, id=10348, stack(0x000000eefcc00000,0x000000eefcd00000) (1024K)]
  0x0000021aefc3cae0 JavaThread "C1 CompilerThread2"         daemon [_thread_blocked, id=20088, stack(0x000000eefcd00000,0x000000eefce00000) (1024K)]
  0x0000021aefc3d490 JavaThread "C1 CompilerThread3"         daemon [_thread_blocked, id=15264, stack(0x000000eefce00000,0x000000eefcf00000) (1024K)]
  0x0000021aefca0ac0 JavaThread "C1 CompilerThread4"         daemon [_thread_blocked, id=42840, stack(0x000000eefd000000,0x000000eefd100000) (1024K)]
  0x0000021af423ece0 JavaThread "Notification Thread"        daemon [_thread_blocked, id=26532, stack(0x000000eefd300000,0x000000eefd400000) (1024K)]
  0x0000021af4908720 JavaThread "QuantumRenderer-0"          daemon [_thread_blocked, id=45208, stack(0x000000eefd400000,0x000000eefd500000) (1024K)]
  0x0000021af4ca0ad0 JavaThread "InvokeLaterDispatcher"      daemon [_thread_blocked, id=58940, stack(0x000000eefcf00000,0x000000eefd000000) (1024K)]
=>0x0000021af4ff9a80 JavaThread "JavaFX Application Thread"         [_thread_in_native, id=37156, stack(0x000000eefd100000,0x000000eefd200000) (1024K)]
  0x0000021af56250c0 JavaThread "JavaFX-Launcher"                   [_thread_blocked, id=51136, stack(0x000000eeff900000,0x000000eeffa00000) (1024K)]
  0x0000021af568f360 JavaThread "Thread-2"                   daemon [_thread_in_native, id=39784, stack(0x000000eeff800000,0x000000eeff900000) (1024K)]
Total: 20

Other Threads:
  0x0000021aee95f860 VMThread "VM Thread"                           [id=48684, stack(0x000000eefc200000,0x000000eefc300000) (1024K)]
  0x0000021aeea859d0 WatcherThread "VM Periodic Task Thread"        [id=16060, stack(0x000000eefc100000,0x000000eefc200000) (1024K)]
  0x0000021acc47b800 WorkerThread "GC Thread#0"                     [id=3076, stack(0x000000eefbc00000,0x000000eefbd00000) (1024K)]
  0x0000021aee960550 WorkerThread "GC Thread#1"                     [id=12876, stack(0x000000eefff00000,0x000000ef00000000) (1024K)]
  0x0000021aee95e720 WorkerThread "GC Thread#2"                     [id=44344, stack(0x000000ee80000000,0x000000ee80100000) (1024K)]
  0x0000021aee95f410 WorkerThread "GC Thread#3"                     [id=38304, stack(0x000000ee80100000,0x000000ee80200000) (1024K)]
  0x0000021aee961240 WorkerThread "GC Thread#4"                     [id=42932, stack(0x000000ee80200000,0x000000ee80300000) (1024K)]
  0x0000021aee9609a0 WorkerThread "GC Thread#5"                     [id=54036, stack(0x000000ee80300000,0x000000ee80400000) (1024K)]
  0x0000021acc494270 ConcurrentGCThread "G1 Main Marker"            [id=26760, stack(0x000000eefbd00000,0x000000eefbe00000) (1024K)]
  0x0000021acc4950f0 WorkerThread "G1 Conc#0"                       [id=37296, stack(0x000000eefbe00000,0x000000eefbf00000) (1024K)]
  0x0000021aee950a80 ConcurrentGCThread "G1 Refine#0"               [id=54628, stack(0x000000eefbf00000,0x000000eefc000000) (1024K)]
  0x0000021aee9571b0 ConcurrentGCThread "G1 Service"                [id=24100, stack(0x000000eefc000000,0x000000eefc100000) (1024K)]
Total: 12

Threads with active compile tasks:
Total: 0

VM state: not at safepoint (normal execution)

VM Mutex/Monitor currently owned by a thread: None

Heap address: 0x0000000704c00000, size: 4020 MB, Compressed Oops mode: Zero based, Oop shift amount: 3

CDS archive(s) mapped at: [0x0000000085000000-0x0000000085dd0000-0x0000000085dd0000), size 14483456, SharedBaseAddress: 0x0000000085000000, ArchiveRelocationMode: 1.
Compressed class space mapped at: 0x0000000086000000-0x00000000c6000000, reserved size: 1073741824
UseCompressedClassPointers 1, UseCompactObjectHeaders 0
Narrow klass pointer bits 32, Max shift 3
Narrow klass base: 0x0000000085000000, Narrow klass shift: 0
Encoding Range: [0x0000000085000000 - 0x0000000185000000), (4294967296 bytes)
Klass Range:    [0x0000000085010000 - 0x00000000c6000000), (1090453504 bytes)
Klass ID Range:  [65536 - 1090519033) (1090453497)
Protection zone: [0x0000000085000000 - 0x0000000085010000), (65536 bytes)

GC Precious Log:
 CardTable entry size: 512
 Card Set container configuration: InlinePtr #cards 4 size 8 Array Of Cards #cards 16 size 48 Howl #buckets 8 coarsen threshold 3686 Howl Bitmap #cards 512 size 80 coarsen threshold 460 Card regions per heap region 1 cards per card region 4096
 CPUs: 32 total, 32 available
 Memory: 16077M
 Large Page Support: Disabled
 NUMA Support: Disabled
 Compressed Oops: Enabled (Zero based)
 Heap Region Size: 2M
 Heap Min Capacity: 8M
 Heap Initial Capacity: 252M
 Heap Max Capacity: 4020M
 Pre-touch: Disabled
 Parallel Workers: 23
 Concurrent Workers: 6
 Concurrent Refinement Workers: 23
 Periodic GC: Disabled

Heap:
 garbage-first heap   total reserved 4116480K, committed 260096K, used 16090K [0x0000000704c00000, 0x0000000800000000)
  region size 2048K, 8 young (16384K), 3 survivors (6144K)

Heap Regions: E=young(eden), S=young(survivor), O=old, HS=humongous(starts), HC=humongous(continues), CS=collection set, F=free, TAMS=top-at-mark-start, PB=parsable bottom
|   0|0x0000000704c00000, 0x0000000704c91a78, 0x0000000704e00000| 28%| O|  |TAMS 0x0000000704c00000| PB 0x0000000704c00000| Untracked |  0
|   1|0x0000000704e00000, 0x0000000704e00000, 0x0000000705000000|  0%| F|  |TAMS 0x0000000704e00000| PB 0x0000000704e00000| Untracked |  0
|   2|0x0000000705000000, 0x0000000705000000, 0x0000000705200000|  0%| F|  |TAMS 0x0000000705000000| PB 0x0000000705000000| Untracked |  0
|   3|0x0000000705200000, 0x0000000705200000, 0x0000000705400000|  0%| F|  |TAMS 0x0000000705200000| PB 0x0000000705200000| Untracked |  0
|   4|0x0000000705400000, 0x0000000705400000, 0x0000000705600000|  0%| F|  |TAMS 0x0000000705400000| PB 0x0000000705400000| Untracked |  0
|   5|0x0000000705600000, 0x0000000705600000, 0x0000000705800000|  0%| F|  |TAMS 0x0000000705600000| PB 0x0000000705600000| Untracked |  0
|   6|0x0000000705800000, 0x0000000705800000, 0x0000000705a00000|  0%| F|  |TAMS 0x0000000705800000| PB 0x0000000705800000| Untracked |  0
|   7|0x0000000705a00000, 0x0000000705a00000, 0x0000000705c00000|  0%| F|  |TAMS 0x0000000705a00000| PB 0x0000000705a00000| Untracked |  0
|   8|0x0000000705c00000, 0x0000000705c00000, 0x0000000705e00000|  0%| F|  |TAMS 0x0000000705c00000| PB 0x0000000705c00000| Untracked |  0
|   9|0x0000000705e00000, 0x0000000705e00000, 0x0000000706000000|  0%| F|  |TAMS 0x0000000705e00000| PB 0x0000000705e00000| Untracked |  0
|  10|0x0000000706000000, 0x0000000706000000, 0x0000000706200000|  0%| F|  |TAMS 0x0000000706000000| PB 0x0000000706000000| Untracked |  0
|  11|0x0000000706200000, 0x0000000706200000, 0x0000000706400000|  0%| F|  |TAMS 0x0000000706200000| PB 0x0000000706200000| Untracked |  0
|  12|0x0000000706400000, 0x0000000706400000, 0x0000000706600000|  0%| F|  |TAMS 0x0000000706400000| PB 0x0000000706400000| Untracked |  0
|  13|0x0000000706600000, 0x0000000706600000, 0x0000000706800000|  0%| F|  |TAMS 0x0000000706600000| PB 0x0000000706600000| Untracked |  0
|  14|0x0000000706800000, 0x0000000706800000, 0x0000000706a00000|  0%| F|  |TAMS 0x0000000706800000| PB 0x0000000706800000| Untracked |  0
|  15|0x0000000706a00000, 0x0000000706a00000, 0x0000000706c00000|  0%| F|  |TAMS 0x0000000706a00000| PB 0x0000000706a00000| Untracked |  0
|  16|0x0000000706c00000, 0x0000000706c00000, 0x0000000706e00000|  0%| F|  |TAMS 0x0000000706c00000| PB 0x0000000706c00000| Untracked |  0
|  17|0x0000000706e00000, 0x0000000706e00000, 0x0000000707000000|  0%| F|  |TAMS 0x0000000706e00000| PB 0x0000000706e00000| Untracked |  0
|  18|0x0000000707000000, 0x0000000707000000, 0x0000000707200000|  0%| F|  |TAMS 0x0000000707000000| PB 0x0000000707000000| Untracked |  0
|  19|0x0000000707200000, 0x0000000707200000, 0x0000000707400000|  0%| F|  |TAMS 0x0000000707200000| PB 0x0000000707200000| Untracked |  0
|  20|0x0000000707400000, 0x0000000707400000, 0x0000000707600000|  0%| F|  |TAMS 0x0000000707400000| PB 0x0000000707400000| Untracked |  0
|  21|0x0000000707600000, 0x0000000707600000, 0x0000000707800000|  0%| F|  |TAMS 0x0000000707600000| PB 0x0000000707600000| Untracked |  0
|  22|0x0000000707800000, 0x0000000707800000, 0x0000000707a00000|  0%| F|  |TAMS 0x0000000707800000| PB 0x0000000707800000| Untracked |  0
|  23|0x0000000707a00000, 0x0000000707a00000, 0x0000000707c00000|  0%| F|  |TAMS 0x0000000707a00000| PB 0x0000000707a00000| Untracked |  0
|  24|0x0000000707c00000, 0x0000000707c00000, 0x0000000707e00000|  0%| F|  |TAMS 0x0000000707c00000| PB 0x0000000707c00000| Untracked |  0
|  25|0x0000000707e00000, 0x0000000707e00000, 0x0000000708000000|  0%| F|  |TAMS 0x0000000707e00000| PB 0x0000000707e00000| Untracked |  0
|  26|0x0000000708000000, 0x0000000708000000, 0x0000000708200000|  0%| F|  |TAMS 0x0000000708000000| PB 0x0000000708000000| Untracked |  0
|  27|0x0000000708200000, 0x0000000708200000, 0x0000000708400000|  0%| F|  |TAMS 0x0000000708200000| PB 0x0000000708200000| Untracked |  0
|  28|0x0000000708400000, 0x0000000708400000, 0x0000000708600000|  0%| F|  |TAMS 0x0000000708400000| PB 0x0000000708400000| Untracked |  0
|  29|0x0000000708600000, 0x0000000708600000, 0x0000000708800000|  0%| F|  |TAMS 0x0000000708600000| PB 0x0000000708600000| Untracked |  0
|  30|0x0000000708800000, 0x0000000708800000, 0x0000000708a00000|  0%| F|  |TAMS 0x0000000708800000| PB 0x0000000708800000| Untracked |  0
|  31|0x0000000708a00000, 0x0000000708a00000, 0x0000000708c00000|  0%| F|  |TAMS 0x0000000708a00000| PB 0x0000000708a00000| Untracked |  0
|  32|0x0000000708c00000, 0x0000000708c00000, 0x0000000708e00000|  0%| F|  |TAMS 0x0000000708c00000| PB 0x0000000708c00000| Untracked |  0
|  33|0x0000000708e00000, 0x0000000708e00000, 0x0000000709000000|  0%| F|  |TAMS 0x0000000708e00000| PB 0x0000000708e00000| Untracked |  0
|  34|0x0000000709000000, 0x0000000709000000, 0x0000000709200000|  0%| F|  |TAMS 0x0000000709000000| PB 0x0000000709000000| Untracked |  0
|  35|0x0000000709200000, 0x0000000709200000, 0x0000000709400000|  0%| F|  |TAMS 0x0000000709200000| PB 0x0000000709200000| Untracked |  0
|  36|0x0000000709400000, 0x0000000709400000, 0x0000000709600000|  0%| F|  |TAMS 0x0000000709400000| PB 0x0000000709400000| Untracked |  0
|  37|0x0000000709600000, 0x0000000709600000, 0x0000000709800000|  0%| F|  |TAMS 0x0000000709600000| PB 0x0000000709600000| Untracked |  0
|  38|0x0000000709800000, 0x0000000709800000, 0x0000000709a00000|  0%| F|  |TAMS 0x0000000709800000| PB 0x0000000709800000| Untracked |  0
|  39|0x0000000709a00000, 0x0000000709a00000, 0x0000000709c00000|  0%| F|  |TAMS 0x0000000709a00000| PB 0x0000000709a00000| Untracked |  0
|  40|0x0000000709c00000, 0x0000000709c00000, 0x0000000709e00000|  0%| F|  |TAMS 0x0000000709c00000| PB 0x0000000709c00000| Untracked |  0
|  41|0x0000000709e00000, 0x0000000709e00000, 0x000000070a000000|  0%| F|  |TAMS 0x0000000709e00000| PB 0x0000000709e00000| Untracked |  0
|  42|0x000000070a000000, 0x000000070a000000, 0x000000070a200000|  0%| F|  |TAMS 0x000000070a000000| PB 0x000000070a000000| Untracked |  0
|  43|0x000000070a200000, 0x000000070a200000, 0x000000070a400000|  0%| F|  |TAMS 0x000000070a200000| PB 0x000000070a200000| Untracked |  0
|  44|0x000000070a400000, 0x000000070a400000, 0x000000070a600000|  0%| F|  |TAMS 0x000000070a400000| PB 0x000000070a400000| Untracked |  0
|  45|0x000000070a600000, 0x000000070a600000, 0x000000070a800000|  0%| F|  |TAMS 0x000000070a600000| PB 0x000000070a600000| Untracked |  0
|  46|0x000000070a800000, 0x000000070a800000, 0x000000070aa00000|  0%| F|  |TAMS 0x000000070a800000| PB 0x000000070a800000| Untracked |  0
|  47|0x000000070aa00000, 0x000000070aa00000, 0x000000070ac00000|  0%| F|  |TAMS 0x000000070aa00000| PB 0x000000070aa00000| Untracked |  0
|  48|0x000000070ac00000, 0x000000070ac00000, 0x000000070ae00000|  0%| F|  |TAMS 0x000000070ac00000| PB 0x000000070ac00000| Untracked |  0
|  49|0x000000070ae00000, 0x000000070ae00000, 0x000000070b000000|  0%| F|  |TAMS 0x000000070ae00000| PB 0x000000070ae00000| Untracked |  0
|  50|0x000000070b000000, 0x000000070b000000, 0x000000070b200000|  0%| F|  |TAMS 0x000000070b000000| PB 0x000000070b000000| Untracked |  0
|  51|0x000000070b200000, 0x000000070b200000, 0x000000070b400000|  0%| F|  |TAMS 0x000000070b200000| PB 0x000000070b200000| Untracked |  0
|  52|0x000000070b400000, 0x000000070b400000, 0x000000070b600000|  0%| F|  |TAMS 0x000000070b400000| PB 0x000000070b400000| Untracked |  0
|  53|0x000000070b600000, 0x000000070b600000, 0x000000070b800000|  0%| F|  |TAMS 0x000000070b600000| PB 0x000000070b600000| Untracked |  0
|  54|0x000000070b800000, 0x000000070b800000, 0x000000070ba00000|  0%| F|  |TAMS 0x000000070b800000| PB 0x000000070b800000| Untracked |  0
|  55|0x000000070ba00000, 0x000000070ba00000, 0x000000070bc00000|  0%| F|  |TAMS 0x000000070ba00000| PB 0x000000070ba00000| Untracked |  0
|  56|0x000000070bc00000, 0x000000070bc00000, 0x000000070be00000|  0%| F|  |TAMS 0x000000070bc00000| PB 0x000000070bc00000| Untracked |  0
|  57|0x000000070be00000, 0x000000070be00000, 0x000000070c000000|  0%| F|  |TAMS 0x000000070be00000| PB 0x000000070be00000| Untracked |  0
|  58|0x000000070c000000, 0x000000070c000000, 0x000000070c200000|  0%| F|  |TAMS 0x000000070c000000| PB 0x000000070c000000| Untracked |  0
|  59|0x000000070c200000, 0x000000070c200000, 0x000000070c400000|  0%| F|  |TAMS 0x000000070c200000| PB 0x000000070c200000| Untracked |  0
|  60|0x000000070c400000, 0x000000070c400000, 0x000000070c600000|  0%| F|  |TAMS 0x000000070c400000| PB 0x000000070c400000| Untracked |  0
|  61|0x000000070c600000, 0x000000070c600000, 0x000000070c800000|  0%| F|  |TAMS 0x000000070c600000| PB 0x000000070c600000| Untracked |  0
|  62|0x000000070c800000, 0x000000070c800000, 0x000000070ca00000|  0%| F|  |TAMS 0x000000070c800000| PB 0x000000070c800000| Untracked |  0
|  63|0x000000070ca00000, 0x000000070ca00000, 0x000000070cc00000|  0%| F|  |TAMS 0x000000070ca00000| PB 0x000000070ca00000| Untracked |  0
|  64|0x000000070cc00000, 0x000000070cc00000, 0x000000070ce00000|  0%| F|  |TAMS 0x000000070cc00000| PB 0x000000070cc00000| Untracked |  0
|  65|0x000000070ce00000, 0x000000070ce00000, 0x000000070d000000|  0%| F|  |TAMS 0x000000070ce00000| PB 0x000000070ce00000| Untracked |  0
|  66|0x000000070d000000, 0x000000070d000000, 0x000000070d200000|  0%| F|  |TAMS 0x000000070d000000| PB 0x000000070d000000| Untracked |  0
|  67|0x000000070d200000, 0x000000070d200000, 0x000000070d400000|  0%| F|  |TAMS 0x000000070d200000| PB 0x000000070d200000| Untracked |  0
|  68|0x000000070d400000, 0x000000070d400000, 0x000000070d600000|  0%| F|  |TAMS 0x000000070d400000| PB 0x000000070d400000| Untracked |  0
|  69|0x000000070d600000, 0x000000070d600000, 0x000000070d800000|  0%| F|  |TAMS 0x000000070d600000| PB 0x000000070d600000| Untracked |  0
|  70|0x000000070d800000, 0x000000070d800000, 0x000000070da00000|  0%| F|  |TAMS 0x000000070d800000| PB 0x000000070d800000| Untracked |  0
|  71|0x000000070da00000, 0x000000070da00000, 0x000000070dc00000|  0%| F|  |TAMS 0x000000070da00000| PB 0x000000070da00000| Untracked |  0
|  72|0x000000070dc00000, 0x000000070dc00000, 0x000000070de00000|  0%| F|  |TAMS 0x000000070dc00000| PB 0x000000070dc00000| Untracked |  0
|  73|0x000000070de00000, 0x000000070de00000, 0x000000070e000000|  0%| F|  |TAMS 0x000000070de00000| PB 0x000000070de00000| Untracked |  0
|  74|0x000000070e000000, 0x000000070e000000, 0x000000070e200000|  0%| F|  |TAMS 0x000000070e000000| PB 0x000000070e000000| Untracked |  0
|  75|0x000000070e200000, 0x000000070e200000, 0x000000070e400000|  0%| F|  |TAMS 0x000000070e200000| PB 0x000000070e200000| Untracked |  0
|  76|0x000000070e400000, 0x000000070e400000, 0x000000070e600000|  0%| F|  |TAMS 0x000000070e400000| PB 0x000000070e400000| Untracked |  0
|  77|0x000000070e600000, 0x000000070e600000, 0x000000070e800000|  0%| F|  |TAMS 0x000000070e600000| PB 0x000000070e600000| Untracked |  0
|  78|0x000000070e800000, 0x000000070e800000, 0x000000070ea00000|  0%| F|  |TAMS 0x000000070e800000| PB 0x000000070e800000| Untracked |  0
|  79|0x000000070ea00000, 0x000000070ea00000, 0x000000070ec00000|  0%| F|  |TAMS 0x000000070ea00000| PB 0x000000070ea00000| Untracked |  0
|  80|0x000000070ec00000, 0x000000070ec00000, 0x000000070ee00000|  0%| F|  |TAMS 0x000000070ec00000| PB 0x000000070ec00000| Untracked |  0
|  81|0x000000070ee00000, 0x000000070ee00000, 0x000000070f000000|  0%| F|  |TAMS 0x000000070ee00000| PB 0x000000070ee00000| Untracked |  0
|  82|0x000000070f000000, 0x000000070f000000, 0x000000070f200000|  0%| F|  |TAMS 0x000000070f000000| PB 0x000000070f000000| Untracked |  0
|  83|0x000000070f200000, 0x000000070f200000, 0x000000070f400000|  0%| F|  |TAMS 0x000000070f200000| PB 0x000000070f200000| Untracked |  0
|  84|0x000000070f400000, 0x000000070f400000, 0x000000070f600000|  0%| F|  |TAMS 0x000000070f400000| PB 0x000000070f400000| Untracked |  0
|  85|0x000000070f600000, 0x000000070f600000, 0x000000070f800000|  0%| F|  |TAMS 0x000000070f600000| PB 0x000000070f600000| Untracked |  0
|  86|0x000000070f800000, 0x000000070f800000, 0x000000070fa00000|  0%| F|  |TAMS 0x000000070f800000| PB 0x000000070f800000| Untracked |  0
|  87|0x000000070fa00000, 0x000000070fa00000, 0x000000070fc00000|  0%| F|  |TAMS 0x000000070fa00000| PB 0x000000070fa00000| Untracked |  0
|  88|0x000000070fc00000, 0x000000070fc00000, 0x000000070fe00000|  0%| F|  |TAMS 0x000000070fc00000| PB 0x000000070fc00000| Untracked |  0
|  89|0x000000070fe00000, 0x000000070fe00000, 0x0000000710000000|  0%| F|  |TAMS 0x000000070fe00000| PB 0x000000070fe00000| Untracked |  0
|  90|0x0000000710000000, 0x0000000710000000, 0x0000000710200000|  0%| F|  |TAMS 0x0000000710000000| PB 0x0000000710000000| Untracked |  0
|  91|0x0000000710200000, 0x0000000710200000, 0x0000000710400000|  0%| F|  |TAMS 0x0000000710200000| PB 0x0000000710200000| Untracked |  0
|  92|0x0000000710400000, 0x0000000710400000, 0x0000000710600000|  0%| F|  |TAMS 0x0000000710400000| PB 0x0000000710400000| Untracked |  0
|  93|0x0000000710600000, 0x0000000710600000, 0x0000000710800000|  0%| F|  |TAMS 0x0000000710600000| PB 0x0000000710600000| Untracked |  0
|  94|0x0000000710800000, 0x0000000710800000, 0x0000000710a00000|  0%| F|  |TAMS 0x0000000710800000| PB 0x0000000710800000| Untracked |  0
|  95|0x0000000710a00000, 0x0000000710a00000, 0x0000000710c00000|  0%| F|  |TAMS 0x0000000710a00000| PB 0x0000000710a00000| Untracked |  0
|  96|0x0000000710c00000, 0x0000000710c00000, 0x0000000710e00000|  0%| F|  |TAMS 0x0000000710c00000| PB 0x0000000710c00000| Untracked |  0
|  97|0x0000000710e00000, 0x0000000710e00000, 0x0000000711000000|  0%| F|  |TAMS 0x0000000710e00000| PB 0x0000000710e00000| Untracked |  0
|  98|0x0000000711000000, 0x0000000711000000, 0x0000000711200000|  0%| F|  |TAMS 0x0000000711000000| PB 0x0000000711000000| Untracked |  0
|  99|0x0000000711200000, 0x0000000711400000, 0x0000000711400000|100%| S|CS|TAMS 0x0000000711200000| PB 0x0000000711200000| Complete |  0
| 100|0x0000000711400000, 0x0000000711600000, 0x0000000711600000|100%| S|CS|TAMS 0x0000000711400000| PB 0x0000000711400000| Complete |  0
| 101|0x0000000711600000, 0x0000000711800000, 0x0000000711800000|100%| S|CS|TAMS 0x0000000711600000| PB 0x0000000711600000| Complete |  2
| 102|0x0000000711800000, 0x0000000711800000, 0x0000000711a00000|  0%| F|  |TAMS 0x0000000711800000| PB 0x0000000711800000| Untracked |  0
| 103|0x0000000711a00000, 0x0000000711a00000, 0x0000000711c00000|  0%| F|  |TAMS 0x0000000711a00000| PB 0x0000000711a00000| Untracked |  0
| 104|0x0000000711c00000, 0x0000000711c00000, 0x0000000711e00000|  0%| F|  |TAMS 0x0000000711c00000| PB 0x0000000711c00000| Untracked |  0
| 105|0x0000000711e00000, 0x0000000711e00000, 0x0000000712000000|  0%| F|  |TAMS 0x0000000711e00000| PB 0x0000000711e00000| Untracked |  0
| 106|0x0000000712000000, 0x0000000712000000, 0x0000000712200000|  0%| F|  |TAMS 0x0000000712000000| PB 0x0000000712000000| Untracked |  0
| 107|0x0000000712200000, 0x0000000712200000, 0x0000000712400000|  0%| F|  |TAMS 0x0000000712200000| PB 0x0000000712200000| Untracked |  0
| 108|0x0000000712400000, 0x0000000712400000, 0x0000000712600000|  0%| F|  |TAMS 0x0000000712400000| PB 0x0000000712400000| Untracked |  0
| 109|0x0000000712600000, 0x0000000712600000, 0x0000000712800000|  0%| F|  |TAMS 0x0000000712600000| PB 0x0000000712600000| Untracked |  0
| 110|0x0000000712800000, 0x0000000712800000, 0x0000000712a00000|  0%| F|  |TAMS 0x0000000712800000| PB 0x0000000712800000| Untracked |  0
| 111|0x0000000712a00000, 0x0000000712a00000, 0x0000000712c00000|  0%| F|  |TAMS 0x0000000712a00000| PB 0x0000000712a00000| Untracked |  0
| 112|0x0000000712c00000, 0x0000000712c00000, 0x0000000712e00000|  0%| F|  |TAMS 0x0000000712c00000| PB 0x0000000712c00000| Untracked |  0
| 113|0x0000000712e00000, 0x0000000712e00000, 0x0000000713000000|  0%| F|  |TAMS 0x0000000712e00000| PB 0x0000000712e00000| Untracked |  0
| 114|0x0000000713000000, 0x0000000713000000, 0x0000000713200000|  0%| F|  |TAMS 0x0000000713000000| PB 0x0000000713000000| Untracked |  0
| 115|0x0000000713200000, 0x0000000713200000, 0x0000000713400000|  0%| F|  |TAMS 0x0000000713200000| PB 0x0000000713200000| Untracked |  0
| 116|0x0000000713400000, 0x0000000713400000, 0x0000000713600000|  0%| F|  |TAMS 0x0000000713400000| PB 0x0000000713400000| Untracked |  0
| 117|0x0000000713600000, 0x0000000713600000, 0x0000000713800000|  0%| F|  |TAMS 0x0000000713600000| PB 0x0000000713600000| Untracked |  0
| 118|0x0000000713800000, 0x0000000713800000, 0x0000000713a00000|  0%| F|  |TAMS 0x0000000713800000| PB 0x0000000713800000| Untracked |  0
| 119|0x0000000713a00000, 0x0000000713a00000, 0x0000000713c00000|  0%| F|  |TAMS 0x0000000713a00000| PB 0x0000000713a00000| Untracked |  0
| 120|0x0000000713c00000, 0x0000000713c00000, 0x0000000713e00000|  0%| F|  |TAMS 0x0000000713c00000| PB 0x0000000713c00000| Untracked |  0
| 121|0x0000000713e00000, 0x0000000713f101e8, 0x0000000714000000| 53%| E|  |TAMS 0x0000000713e00000| PB 0x0000000713e00000| Complete |  0
| 122|0x0000000714000000, 0x0000000714200000, 0x0000000714200000|100%| E|CS|TAMS 0x0000000714000000| PB 0x0000000714000000| Complete |  0
| 123|0x0000000714200000, 0x0000000714400000, 0x0000000714400000|100%| E|CS|TAMS 0x0000000714200000| PB 0x0000000714200000| Complete |  0
| 124|0x0000000714400000, 0x0000000714600000, 0x0000000714600000|100%| E|CS|TAMS 0x0000000714400000| PB 0x0000000714400000| Complete |  0
| 125|0x0000000714600000, 0x0000000714800000, 0x0000000714800000|100%| E|CS|TAMS 0x0000000714600000| PB 0x0000000714600000| Complete |  0
|2009|0x00000007ffe00000, 0x00000007fff24ea8, 0x0000000800000000| 57%| O|  |TAMS 0x00000007ffe00000| PB 0x00000007ffe00000| Untracked |  0

Card table byte_map: [0x0000021ae7860000,0x0000021ae8040000] _byte_map_base: 0x0000021ae403a000

Marking Bits: (CMBitMap*) 0x0000021acc47bf90
 Bits: [0x0000021ae8040000, 0x0000021aebf10000)

Polling page: 0x0000021ad65f0000

Metaspace:
Metaspace        used 11383K, committed 11584K, reserved 1114112K
 class space     used 1359K, committed 1472K, reserved 1048576K

Usage:
  Non-class:      9.79 MB used.
      Class:      1.33 MB used.
       Both:     11.12 MB used.

Virtual space:
  Non-class space:       64.00 MB reserved,       9.88 MB ( 15%) committed,  1 nodes.
      Class space:        1.00 GB reserved,       1.44 MB ( <1%) committed,  1 nodes.
             Both:        1.06 GB reserved,      11.31 MB (  1%) committed. 

Chunk freelists:
   Non-Class:  5.39 MB
       Class:  14.41 MB
        Both:  19.79 MB

MaxMetaspaceSize: unlimited
CompressedClassSpaceSize: 1.00 GB
Initial GC threshold: 21.00 MB
Current GC threshold: 21.00 MB
CDS: on
 - commit_granule_bytes: 65536.
 - commit_granule_words: 8192.
 - virtual_space_node_default_size: 8388608.
 - enlarge_chunks_in_place: 1.
UseCompressedClassPointers 1, UseCompactObjectHeaders 0
Narrow klass pointer bits 32, Max shift 3
Narrow klass base: 0x0000000085000000, Narrow klass shift: 0
Encoding Range: [0x0000000085000000 - 0x0000000185000000), (4294967296 bytes)
Klass Range:    [0x0000000085010000 - 0x00000000c6000000), (1090453504 bytes)
Klass ID Range:  [65536 - 1090519033) (1090453497)
Protection zone: [0x0000000085000000 - 0x0000000085010000), (65536 bytes)


Internal statistics:

num_allocs_failed_limit: 0.
num_arena_births: 106.
num_arena_deaths: 0.
num_vsnodes_births: 2.
num_vsnodes_deaths: 0.
num_space_committed: 181.
num_space_uncommitted: 0.
num_chunks_returned_to_freelist: 0.
num_chunks_taken_from_freelist: 430.
num_chunk_merges: 0.
num_chunk_splits: 321.
num_chunks_enlarged: 263.
num_inconsistent_stats: 0.

CodeHeap 'non-profiled nmethods': size=118912Kb used=564Kb max_used=564Kb free=118347Kb
 bounds [0x0000021ade1f0000, 0x0000021ade460000, 0x0000021ae5610000]
CodeHeap 'profiled nmethods': size=118848Kb used=2719Kb max_used=2719Kb free=116128Kb
 bounds [0x0000021ad6610000, 0x0000021ad68c0000, 0x0000021adda20000]
CodeHeap 'non-nmethods': size=8000Kb used=3869Kb max_used=3924Kb free=4130Kb
 bounds [0x0000021adda20000, 0x0000021adde00000, 0x0000021ade1f0000]
CodeCache: size=245760Kb, used=7152Kb, max_used=7207Kb, free=238605Kb
 total_blobs=2634, nmethods=1884, adapters=650, full_count=0
Compilation: enabled, stopped_count=0, restarted_count=0

Compilation events (20 events):
Event: 1.616 Thread 0x0000021aeeabb060 nmethod 1875 0x0000021ade27cc88 code [0x0000021ade27cd80, 0x0000021ade27ce00]
Event: 1.616 Thread 0x0000021aefb77790 1876       1       java.lang.reflect.Field::getName (5 bytes)
Event: 1.616 Thread 0x0000021aefb77790 nmethod 1876 0x0000021ade27cf88 code [0x0000021ade27d080, 0x0000021ade27d148]
Event: 1.616 Thread 0x0000021aefca0ac0 1877       3       java.lang.invoke.LambdaForm::editor (5 bytes)
Event: 1.616 Thread 0x0000021aefb77790 1882       3       java.lang.invoke.LambdaFormEditor::getInCache (165 bytes)
Event: 1.616 Thread 0x0000021aefc3cae0 1878       3       java.lang.invoke.LambdaFormEditor::lambdaFormEditor (12 bytes)
Event: 1.616 Thread 0x0000021aefc3d490 1879       3       java.lang.invoke.LambdaFormEditor::<init> (10 bytes)
Event: 1.617 Thread 0x0000021aeeacdc90 nmethod 1874 0x0000021ad68b2088 code [0x0000021ad68b2180, 0x0000021ad68b4070]
Event: 1.617 Thread 0x0000021aeeacdc90 1880       3       java.lang.invoke.LambdaFormEditor$TransformKey::inRange (36 bytes)
Event: 1.617 Thread 0x0000021aeeacdc90 nmethod 1880 0x0000021ad68b4088 code [0x0000021ad68b4180, 0x0000021ad68b42c8]
Event: 1.617 Thread 0x0000021aeeacdc90 1881       3       java.lang.invoke.LambdaFormEditor$TransformKey::<init> (15 bytes)
Event: 1.617 Thread 0x0000021aefc3d490 nmethod 1879 0x0000021ad68b4388 code [0x0000021ad68b4480, 0x0000021ad68b4640]
Event: 1.617 Thread 0x0000021aefc3d490 1883       3       java.lang.invoke.DirectMethodHandle::make (275 bytes)
Event: 1.617 Thread 0x0000021aefca0ac0 nmethod 1877 0x0000021ad68b4688 code [0x0000021ad68b4780, 0x0000021ad68b4ab8]
Event: 1.617 Thread 0x0000021aeeacdc90 nmethod 1881 0x0000021ad68b4b08 code [0x0000021ad68b4c00, 0x0000021ad68b4d98]
Event: 1.617 Thread 0x0000021aefca0ac0 1884       3       java.lang.invoke.MemberName::isField (8 bytes)
Event: 1.617 Thread 0x0000021aefc3cae0 nmethod 1878 0x0000021ad68b4e08 code [0x0000021ad68b4f00, 0x0000021ad68b51c0]
Event: 1.618 Thread 0x0000021aefca0ac0 nmethod 1884 0x0000021ad68b5208 code [0x0000021ad68b5300, 0x0000021ad68b54c0]
Event: 1.618 Thread 0x0000021aefb77790 nmethod 1882 0x0000021ad68b5508 code [0x0000021ad68b5600, 0x0000021ad68b6328]
Event: 1.620 Thread 0x0000021aefc3d490 nmethod 1883 0x0000021ad68b6388 code [0x0000021ad68b6480, 0x0000021ad68b7d58]

GC Heap Usage History (2 events):
Event: 1.335 {heap Before GC invocations=0 (full 0):
 garbage-first heap   total reserved 4116480K, committed 260096K, used 48275K [0x0000000704c00000, 0x0000000800000000)
  region size 2048K, 24 young (49152K), 0 survivors (0K)
}
Event: 1.339 {heap After GC invocations=1 (full 0):
 garbage-first heap   total reserved 4116480K, committed 260096K, used 7898K [0x0000000704c00000, 0x0000000800000000)
  region size 2048K, 3 young (6144K), 3 survivors (6144K)
}

Metaspace Usage History (2 events):
Event: 1.335 {metaspace Before GC invocations=0 (full 0):
 Metaspace       used 9431K, committed 9600K, reserved 1114112K
  class space    used 1005K, committed 1088K, reserved 1048576K
}
Event: 1.339 {metaspace After GC invocations=1 (full 0):
 Metaspace       used 9431K, committed 9600K, reserved 1114112K
  class space    used 1005K, committed 1088K, reserved 1048576K
}

Dll operation events (20 events):
Event: 0.244 Loaded shared library C:\Users\Pedro\.openjfx\cache\21+31\amd64\api-ms-win-crt-private-l1-1-0.dll
Event: 0.247 Loaded shared library C:\Users\Pedro\.openjfx\cache\21+31\amd64\api-ms-win-crt-process-l1-1-0.dll
Event: 0.249 Loaded shared library C:\Users\Pedro\.openjfx\cache\21+31\amd64\api-ms-win-crt-runtime-l1-1-0.dll
Event: 0.251 Loaded shared library C:\Users\Pedro\.openjfx\cache\21+31\amd64\api-ms-win-crt-stdio-l1-1-0.dll
Event: 0.254 Loaded shared library C:\Users\Pedro\.openjfx\cache\21+31\amd64\api-ms-win-crt-string-l1-1-0.dll
Event: 0.256 Loaded shared library C:\Users\Pedro\.openjfx\cache\21+31\amd64\api-ms-win-crt-time-l1-1-0.dll
Event: 0.258 Loaded shared library C:\Users\Pedro\.openjfx\cache\21+31\amd64\api-ms-win-crt-utility-l1-1-0.dll
Event: 0.270 Loaded shared library C:\Users\Pedro\.openjfx\cache\21+31\amd64\ucrtbase.dll
Event: 0.274 Loaded shared library C:\Users\Pedro\.openjfx\cache\21+31\amd64\vcruntime140.dll
Event: 0.276 Loaded shared library C:\Users\Pedro\.openjfx\cache\21+31\amd64\vcruntime140_1.dll
Event: 0.285 Loaded shared library C:\Users\Pedro\.openjfx\cache\21+31\amd64\msvcp140.dll
Event: 0.287 Loaded shared library C:\Users\Pedro\.openjfx\cache\21+31\amd64\msvcp140_1.dll
Event: 0.290 Loaded shared library C:\Users\Pedro\.openjfx\cache\21+31\amd64\msvcp140_2.dll
Event: 0.320 Loaded shared library C:\Users\Pedro\.openjfx\cache\21+31\amd64\prism_d3d.dll
Event: 0.505 Loaded shared library C:\Users\Pedro\.openjfx\cache\21+31\amd64\glass.dll
Event: 0.646 Loaded shared library C:\Users\Pedro\.openjfx\cache\21+31\amd64\javafx_font.dll
Event: 0.675 Loaded shared library C:\Program Files\Eclipse Adoptium\jdk-25.0.1.8-hotspot\bin\jimage.dll
Event: 0.848 Loaded shared library C:\Users\Pedro\AppData\Local\Temp\Aparapi4088790501044998154\libgcc_s_seh-1.dll
Event: 1.116 Loaded shared library C:\Users\Pedro\AppData\Local\Temp\Aparapi8649149552082426579\libstdc++-6.dll
Event: 1.164 Loaded shared library C:\Users\Pedro\AppData\Local\Temp\Aparapi10067252991978788431\libaparapi.dll

Deoptimization events (20 events):
Event: 1.409 Thread 0x0000021af4ff9a80 DEOPT PACKING pc=0x0000021ad66ca7a8 sp=0x000000eefd1fc460
Event: 1.409 Thread 0x0000021af4ff9a80 DEOPT UNPACKING pc=0x0000021adda71702 sp=0x000000eefd1fb8d0 mode 0
Event: 1.425 Thread 0x0000021af4ff9a80 DEOPT PACKING pc=0x0000021ad67d8aa0 sp=0x000000eefd1fc6c0
Event: 1.425 Thread 0x0000021af4ff9a80 DEOPT UNPACKING pc=0x0000021adda71702 sp=0x000000eefd1fbbc8 mode 0
Event: 1.454 Thread 0x0000021af4ff9a80 Uncommon trap: trap_request=0xffffffd6 fr.pc=0x0000021ade26ea00 relative=0x0000000000000660
Event: 1.454 Thread 0x0000021af4ff9a80 Uncommon trap: reason=array_check action=maybe_recompile pc=0x0000021ade26ea00 method=jdk.internal.classfile.impl.SplitConstantPool.internalAdd(Ljava/lang/classfile/constantpool/PoolEntry;I)Ljava/lang/classfile/constantpool/PoolEntry; @ 46 c2
Event: 1.454 Thread 0x0000021af4ff9a80 DEOPT PACKING pc=0x0000021ade26ea00 sp=0x000000eefd1fd030
Event: 1.454 Thread 0x0000021af4ff9a80 DEOPT UNPACKING pc=0x0000021addb3fc02 sp=0x000000eefd1fcfc0 mode 2
Event: 1.454 Thread 0x0000021af4ff9a80 Uncommon trap: trap_request=0xffffffd6 fr.pc=0x0000021ade26ea00 relative=0x0000000000000660
Event: 1.454 Thread 0x0000021af4ff9a80 Uncommon trap: reason=array_check action=maybe_recompile pc=0x0000021ade26ea00 method=jdk.internal.classfile.impl.SplitConstantPool.internalAdd(Ljava/lang/classfile/constantpool/PoolEntry;I)Ljava/lang/classfile/constantpool/PoolEntry; @ 46 c2
Event: 1.454 Thread 0x0000021af4ff9a80 DEOPT PACKING pc=0x0000021ade26ea00 sp=0x000000eefd1fd030
Event: 1.454 Thread 0x0000021af4ff9a80 DEOPT UNPACKING pc=0x0000021addb3fc02 sp=0x000000eefd1fcfc0 mode 2
Event: 1.454 Thread 0x0000021af4ff9a80 Uncommon trap: trap_request=0xffffffd6 fr.pc=0x0000021ade26ea00 relative=0x0000000000000660
Event: 1.454 Thread 0x0000021af4ff9a80 Uncommon trap: reason=array_check action=maybe_recompile pc=0x0000021ade26ea00 method=jdk.internal.classfile.impl.SplitConstantPool.internalAdd(Ljava/lang/classfile/constantpool/PoolEntry;I)Ljava/lang/classfile/constantpool/PoolEntry; @ 46 c2
Event: 1.454 Thread 0x0000021af4ff9a80 DEOPT PACKING pc=0x0000021ade26ea00 sp=0x000000eefd1fd040
Event: 1.454 Thread 0x0000021af4ff9a80 DEOPT UNPACKING pc=0x0000021addb3fc02 sp=0x000000eefd1fcfd0 mode 2
Event: 1.454 Thread 0x0000021af4ff9a80 Uncommon trap: trap_request=0xffffffd6 fr.pc=0x0000021ade26ea00 relative=0x0000000000000660
Event: 1.454 Thread 0x0000021af4ff9a80 Uncommon trap: reason=array_check action=maybe_recompile pc=0x0000021ade26ea00 method=jdk.internal.classfile.impl.SplitConstantPool.internalAdd(Ljava/lang/classfile/constantpool/PoolEntry;I)Ljava/lang/classfile/constantpool/PoolEntry; @ 46 c2
Event: 1.454 Thread 0x0000021af4ff9a80 DEOPT PACKING pc=0x0000021ade26ea00 sp=0x000000eefd1fd040
Event: 1.454 Thread 0x0000021af4ff9a80 DEOPT UNPACKING pc=0x0000021addb3fc02 sp=0x000000eefd1fcfd0 mode 2

Classes loaded (20 events):
Event: 1.435 Loading class java/lang/invoke/ClassSpecializer$Factory$1$1
Event: 1.435 Loading class java/lang/invoke/ClassSpecializer$Factory$1$1 done
Event: 1.435 Loading class java/lang/invoke/ClassSpecializer$Factory$1$1Var
Event: 1.435 Loading class java/lang/invoke/ClassSpecializer$Factory$1$1Var done
Event: 1.435 Loading class java/lang/invoke/ClassSpecializer$Factory$1$2
Event: 1.435 Loading class java/lang/invoke/ClassSpecializer$Factory$1$2 done
Event: 1.435 Loading class java/lang/invoke/ClassSpecializer$Factory$1$3
Event: 1.435 Loading class java/lang/invoke/ClassSpecializer$Factory$1$3 done
Event: 1.435 Loading class java/lang/invoke/ClassSpecializer$Factory$1$4
Event: 1.435 Loading class java/lang/invoke/ClassSpecializer$Factory$1$4 done
Event: 1.435 Loading class java/lang/invoke/ClassSpecializer$Factory$1$5
Event: 1.435 Loading class java/lang/invoke/ClassSpecializer$Factory$1$5 done
Event: 1.436 Loading class java/lang/invoke/ClassSpecializer$Factory$1$5$1
Event: 1.436 Loading class java/lang/invoke/ClassSpecializer$Factory$1$5$1 done
Event: 1.455 Loading class java/lang/reflect/UndeclaredThrowableException
Event: 1.455 Loading class java/lang/reflect/UndeclaredThrowableException done
Event: 1.573 Loading class java/util/Stack
Event: 1.573 Loading class java/util/Stack done
Event: 1.574 Loading class java/util/Vector$Itr
Event: 1.574 Loading class java/util/Vector$Itr done

Classes unloaded (0 events):
No events

Classes redefined (0 events):
No events

Internal exceptions (20 events):
Event: 0.316 Thread 0x0000021af4908720 Exception <a 'java/io/IOException'{0x0000000713617970}> (0x0000000713617970) 
thrown [s\src\hotspot\share\prims\jni.cpp, line 516]
Event: 0.501 Thread 0x0000021acbe10000 Exception <a 'java/io/IOException'{0x00000007137a5c40}> (0x00000007137a5c40) 
thrown [s\src\hotspot\share\prims\jni.cpp, line 516]
Event: 0.509 Thread 0x0000021acbe10000 Exception <a 'java/lang/NoSuchMethodError'{0x00000007137d7f70}: 'java.lang.Object java.lang.invoke.DirectMethodHandle$Holder.newInvokeSpecial(java.lang.Object, java.lang.Object, int, java.lang.Object)'> (0x00000007137d7f70) 
thrown [s\src\hotspot\share\interpreter\linkResolver.cpp, line 804]
Event: 0.509 Thread 0x0000021acbe10000 Exception <a 'java/lang/NoSuchMethodError'{0x00000007137e0cc8}: 'java.lang.Object java.lang.invoke.Invokers$Holder.linkToTargetMethod(java.lang.Object, int, java.lang.Object, java.lang.Object)'> (0x00000007137e0cc8) 
thrown [s\src\hotspot\share\interpreter\linkResolver.cpp, line 804]
Event: 0.587 Thread 0x0000021af4ff9a80 Exception <a 'java/lang/NoSuchMethodError'{0x00000007135d66b8}: 'void java.lang.invoke.DirectMethodHandle$Holder.invokeStaticInit(java.lang.Object)'> (0x00000007135d66b8) 
thrown [s\src\hotspot\share\interpreter\linkResolver.cpp, line 804]
Event: 0.589 Thread 0x0000021acbe10000 Exception <a 'java/lang/NoSuchMethodError'{0x0000000713416e38}: 'java.lang.Object java.lang.invoke.DirectMethodHandle$Holder.newInvokeSpecial(java.lang.Object, java.lang.Object, java.lang.Object, java.lang.Object, java.lang.Object, java.lang.Object)'> (0x0000000713416e38) 
thrown [s\src\hotspot\share\interpreter\linkResolver.cpp, line 804]
Event: 0.598 Thread 0x0000021acbe10000 Exception <a 'java/lang/NoSuchMethodError'{0x000000071346f510}: 'java.lang.Object java.lang.invoke.DirectMethodHandle$Holder.newInvokeSpecial(java.lang.Object, java.lang.Object, java.lang.Object, java.lang.Object, java.lang.Object)'> (0x000000071346f510) 
thrown [s\src\hotspot\share\interpreter\linkResolver.cpp, line 804]
Event: 0.635 Thread 0x0000021af4ff9a80 Exception <a 'java/lang/NoSuchMethodError'{0x0000000712869828}: 'java.lang.Object java.lang.invoke.DirectMethodHandle$Holder.invokeStaticInit(java.lang.Object, java.lang.Object, java.lang.Object, java.lang.Object)'> (0x0000000712869828) 
thrown [s\src\hotspot\share\interpreter\linkResolver.cpp, line 804]
Event: 0.644 Thread 0x0000021af4ff9a80 Exception <a 'java/io/IOException'{0x0000000712952208}> (0x0000000712952208) 
thrown [s\src\hotspot\share\prims\jni.cpp, line 516]
Event: 0.658 Thread 0x0000021af4ff9a80 Exception <a 'java/lang/NullPointerException'{0x000000071268cec8}> (0x000000071268cec8) 
thrown [s\src\hotspot\share\interpreter\linkResolver.cpp, line 1416]
Event: 0.760 Thread 0x0000021af4ff9a80 Exception <a 'java/lang/NoSuchMethodError'{0x0000000711d34c00}: 'java.lang.Object java.lang.invoke.DirectMethodHandle$Holder.newInvokeSpecial(java.lang.Object, java.lang.Object, int)'> (0x0000000711d34c00) 
thrown [s\src\hotspot\share\interpreter\linkResolver.cpp, line 804]
Event: 0.790 Thread 0x0000021af4ff9a80 Exception <a 'java/lang/NoSuchMethodError'{0x0000000711d7ef20}: 'long java.lang.invoke.DirectMethodHandle$Holder.invokeStaticInit(java.lang.Object, java.lang.Object, java.lang.Object)'> (0x0000000711d7ef20) 
thrown [s\src\hotspot\share\interpreter\linkResolver.cpp, line 804]
Event: 0.792 Thread 0x0000021af4ff9a80 Exception <a 'java/lang/NoSuchMethodError'{0x0000000711dc9cc8}: 'java.lang.Object java.lang.invoke.DirectMethodHandle$Holder.newInvokeSpecial(java.lang.Object, java.lang.Object, long)'> (0x0000000711dc9cc8) 
thrown [s\src\hotspot\share\interpreter\linkResolver.cpp, line 804]
Event: 0.793 Thread 0x0000021af4ff9a80 Exception <a 'java/lang/NoSuchMethodError'{0x0000000711dd2918}: 'java.lang.Object java.lang.invoke.Invokers$Holder.linkToTargetMethod(java.lang.Object, long, java.lang.Object)'> (0x0000000711dd2918) 
thrown [s\src\hotspot\share\interpreter\linkResolver.cpp, line 804]
Event: 0.805 Thread 0x0000021af4ff9a80 Exception <a 'java/lang/NoSuchMethodError'{0x0000000711a32300}: 'java.lang.Object java.lang.invoke.DirectMethodHandle$Holder.invokeStaticInit(java.lang.Object, int, int, int, int)'> (0x0000000711a32300) 
thrown [s\src\hotspot\share\interpreter\linkResolver.cpp, line 804]
Event: 0.826 Thread 0x0000021af4ff9a80 Exception <a 'java/lang/NoSuchMethodError'{0x0000000711aaea78}: 'java.lang.Object java.lang.invoke.DirectMethodHandle$Holder.invokeStaticInit(java.lang.Object, java.lang.Object, int, int, int, int)'> (0x0000000711aaea78) 
thrown [s\src\hotspot\share\interpreter\linkResolver.cpp, line 804]
Event: 1.368 Thread 0x0000021af4ff9a80 Exception <a 'java/lang/ClassNotFoundException'{0x0000000714582e18}: sun/util/logging/resources/spi/loggingProvider> (0x0000000714582e18) 
thrown [s\src\hotspot\share\classfile\systemDictionary.cpp, line 327]
Event: 1.433 Thread 0x0000021af4ff9a80 Exception <a 'java/lang/NoSuchMethodError'{0x0000000714085608}: 'java.lang.Object java.lang.invoke.DirectMethodHandle$Holder.newInvokeSpecial(java.lang.Object, java.lang.Object, java.lang.Object, int)'> (0x0000000714085608) 
thrown [s\src\hotspot\share\interpreter\linkResolver.cpp, line 804]
Event: 1.436 Thread 0x0000021af4ff9a80 Exception <a 'java/lang/NoSuchMethodError'{0x000000071409e890}: 'java.lang.Object java.lang.invoke.DirectMethodHandle$Holder.invokeStatic(java.lang.Object, java.lang.Object, java.lang.Object, java.lang.Object, int)'> (0x000000071409e890) 
thrown [s\src\hotspot\share\interpreter\linkResolver.cpp, line 804]
Event: 1.440 Thread 0x0000021af4ff9a80 Exception <a 'java/lang/NoSuchMethodError'{0x00000007140cbb88}: 'java.lang.Object java.lang.invoke.Invokers$Holder.invokeExact_MT(java.lang.Object, java.lang.Object, java.lang.Object, java.lang.Object, java.lang.Object)'> (0x00000007140cbb88) 
thrown [s\src\hotspot\share\interpreter\linkResolver.cpp, line 804]

VM Operations (20 events):
Event: 0.793 Executing non-safepoint VM operation: HandshakeAllThreads (Deoptimize)
Event: 0.794 Executing non-safepoint VM operation: HandshakeAllThreads (Deoptimize) done
Event: 0.803 Executing non-safepoint VM operation: HandshakeAllThreads (Deoptimize)
Event: 0.804 Executing non-safepoint VM operation: HandshakeAllThreads (Deoptimize) done
Event: 0.804 Executing non-safepoint VM operation: HandshakeAllThreads (Deoptimize)
Event: 0.804 Executing non-safepoint VM operation: HandshakeAllThreads (Deoptimize) done
Event: 0.808 Executing non-safepoint VM operation: HandshakeAllThreads (Deoptimize)
Event: 0.808 Executing non-safepoint VM operation: HandshakeAllThreads (Deoptimize) done
Event: 0.833 Executing non-safepoint VM operation: HandshakeAllThreads (Deoptimize)
Event: 0.833 Executing non-safepoint VM operation: HandshakeAllThreads (Deoptimize) done
Event: 1.286 Executing non-safepoint VM operation: HandshakeAllThreads (Deoptimize)
Event: 1.286 Executing non-safepoint VM operation: HandshakeAllThreads (Deoptimize) done
Event: 1.300 Executing non-safepoint VM operation: HandshakeAllThreads (Deoptimize)
Event: 1.300 Executing non-safepoint VM operation: HandshakeAllThreads (Deoptimize) done
Event: 1.304 Executing non-safepoint VM operation: HandshakeAllThreads (Deoptimize)
Event: 1.304 Executing non-safepoint VM operation: HandshakeAllThreads (Deoptimize) done
Event: 1.335 Executing safepoint VM operation: G1CollectForAllocation (G1 Evacuation Pause)
Event: 1.339 Executing safepoint VM operation: G1CollectForAllocation (G1 Evacuation Pause) done
Event: 1.392 Executing non-safepoint VM operation: HandshakeAllThreads (Deoptimize)
Event: 1.392 Executing non-safepoint VM operation: HandshakeAllThreads (Deoptimize) done

Memory protections (0 events):
No events

Nmethod flushes (0 events):
No events

Events (20 events):
Event: 0.054 Thread 0x0000021aefb77790 Thread added: 0x0000021aefc3d490
Event: 0.064 Thread 0x0000021aefc3cae0 Thread added: 0x0000021aefc9da80
Event: 0.064 Thread 0x0000021aefb77790 Thread added: 0x0000021aefca0ac0
Event: 0.065 Thread 0x0000021aefc3d490 Thread added: 0x0000021aefd0de10
Event: 0.086 Thread 0x0000021aefb77790 Thread added: 0x0000021aefda1cc0
Event: 0.103 Thread 0x0000021acbe10000 Thread added: 0x0000021af423ece0
Event: 0.313 Thread 0x0000021acbe10000 Thread added: 0x0000021af4908720
Event: 0.489 Thread 0x0000021aefda1cc0 Thread exited: 0x0000021aefda1cc0
Event: 0.489 Thread 0x0000021aefd0de10 Thread exited: 0x0000021aefd0de10
Event: 0.489 Thread 0x0000021aefc9da80 Thread exited: 0x0000021aefc9da80
Event: 0.507 Thread 0x0000021acbe10000 Thread added: 0x0000021af4ca0ad0
Event: 0.510 Thread 0x0000021acbe10000 Thread added: 0x0000021af4ff9a80
Event: 0.599 Thread 0x0000021acbe10000 Thread added: 0x0000021af56250c0
Event: 0.607 Thread 0x0000021af568f360 Thread added: 0x0000021af568f360
Event: 0.618 Thread 0x0000021aeeabb060 Thread added: 0x0000021af4581d20
Event: 0.618 Thread 0x0000021aeeabb060 Thread added: 0x0000021af4582530
Event: 0.967 Thread 0x0000021af4582530 Thread exited: 0x0000021af4582530
Event: 1.117 Thread 0x0000021af4581d20 Thread exited: 0x0000021af4581d20
Event: 1.284 Thread 0x0000021aefc3cae0 Thread added: 0x0000021af58a4fc0
Event: 1.574 Thread 0x0000021af58a4fc0 Thread exited: 0x0000021af58a4fc0


Dynamic libraries:
0x00007ff76a6a0000 - 0x00007ff76a6ae000 	C:\Program Files\Eclipse Adoptium\jdk-25.0.1.8-hotspot\bin\java.exe
0x00007fffd5080000 - 0x00007fffd52e6000 	C:\WINDOWS\SYSTEM32\ntdll.dll
0x00007fffd2ef0000 - 0x00007fffd2fb9000 	C:\WINDOWS\System32\KERNEL32.DLL
0x00007fffd23a0000 - 0x00007fffd279a000 	C:\WINDOWS\System32\KERNELBASE.dll
0x00007fffd29d0000 - 0x00007fffd2b1c000 	C:\WINDOWS\System32\ucrtbase.dll
0x00007fffc8de0000 - 0x00007fffc8df6000 	C:\Program Files\Eclipse Adoptium\jdk-25.0.1.8-hotspot\bin\jli.dll
0x00007fffc8dc0000 - 0x00007fffc8dde000 	C:\Program Files\Eclipse Adoptium\jdk-25.0.1.8-hotspot\bin\VCRUNTIME140.dll
0x00007fffd2fc0000 - 0x00007fffd3187000 	C:\WINDOWS\System32\USER32.dll
0x00007fffd2bd0000 - 0x00007fffd2bf7000 	C:\WINDOWS\System32\win32u.dll
0x00007fffafd00000 - 0x00007fffaff92000 	C:\WINDOWS\WinSxS\amd64_microsoft.windows.common-controls_6595b64144ccf1df_6.0.26100.8521_none_3e08b75ce33403b3\COMCTL32.dll
0x00007fffd3190000 - 0x00007fffd31bb000 	C:\WINDOWS\System32\GDI32.dll
0x00007fffd31e0000 - 0x00007fffd3289000 	C:\WINDOWS\System32\msvcrt.dll
0x00007fffd2cc0000 - 0x00007fffd2deb000 	C:\WINDOWS\System32\gdi32full.dll
0x00007fffd27a0000 - 0x00007fffd2843000 	C:\WINDOWS\System32\msvcp_win.dll
0x00007fffd3a50000 - 0x00007fffd3a82000 	C:\WINDOWS\System32\IMM32.DLL
0x00007fffc8db0000 - 0x00007fffc8dbc000 	C:\Program Files\Eclipse Adoptium\jdk-25.0.1.8-hotspot\bin\vcruntime140_1.dll
0x00007fffac860000 - 0x00007fffac8ed000 	C:\Program Files\Eclipse Adoptium\jdk-25.0.1.8-hotspot\bin\msvcp140.dll
0x00007fff24170000 - 0x00007fff25096000 	C:\Program Files\Eclipse Adoptium\jdk-25.0.1.8-hotspot\bin\server\jvm.dll
0x00007fffd43c0000 - 0x00007fffd4476000 	C:\WINDOWS\System32\ADVAPI32.dll
0x00007fffd4480000 - 0x00007fffd452a000 	C:\WINDOWS\System32\sechost.dll
0x00007fffd3810000 - 0x00007fffd3928000 	C:\WINDOWS\System32\RPCRT4.dll
0x00007fffd4fb0000 - 0x00007fffd5030000 	C:\WINDOWS\System32\WS2_32.dll
0x00007fffd0ec0000 - 0x00007fffd0f1e000 	C:\WINDOWS\SYSTEM32\POWRPROF.dll
0x00007fffc7200000 - 0x00007fffc720b000 	C:\WINDOWS\SYSTEM32\VERSION.dll
0x00007fffcee90000 - 0x00007fffceec6000 	C:\WINDOWS\SYSTEM32\WINMM.dll
0x00007fffd0ea0000 - 0x00007fffd0eb4000 	C:\WINDOWS\SYSTEM32\UMPDC.dll
0x00007fffd1180000 - 0x00007fffd119b000 	C:\WINDOWS\SYSTEM32\kernel.appcore.dll
0x00007fffc8da0000 - 0x00007fffc8daa000 	C:\Program Files\Eclipse Adoptium\jdk-25.0.1.8-hotspot\bin\jimage.dll
0x00007fffcf900000 - 0x00007fffcfb42000 	C:\WINDOWS\SYSTEM32\DBGHELP.DLL
0x00007fffd4830000 - 0x00007fffd4bb3000 	C:\WINDOWS\System32\combase.dll
0x00007fffd3970000 - 0x00007fffd3a49000 	C:\WINDOWS\System32\OLEAUT32.dll
0x00007fffaf5f0000 - 0x00007fffaf62b000 	C:\WINDOWS\SYSTEM32\dbgcore.DLL
0x00007fffd2b20000 - 0x00007fffd2bc8000 	C:\WINDOWS\System32\bcryptPrimitives.dll
0x00007fffc5250000 - 0x00007fffc526e000 	C:\Program Files\Eclipse Adoptium\jdk-25.0.1.8-hotspot\bin\java.dll
0x00007fffd4690000 - 0x00007fffd4828000 	C:\WINDOWS\System32\ole32.dll
0x00007fffd3a90000 - 0x00007fffd4214000 	C:\WINDOWS\System32\SHELL32.dll
0x00007fffcfeb0000 - 0x00007fffd0730000 	C:\WINDOWS\SYSTEM32\windows.storage.dll
0x00007fffd4220000 - 0x00007fffd4316000 	C:\WINDOWS\System32\SHCORE.dll
0x00007fffd32f0000 - 0x00007fffd3357000 	C:\WINDOWS\System32\shlwapi.dll
0x00007fffd2230000 - 0x00007fffd2259000 	C:\WINDOWS\SYSTEM32\profapi.dll
0x00007fffc5230000 - 0x00007fffc5241000 	C:\Program Files\Eclipse Adoptium\jdk-25.0.1.8-hotspot\bin\net.dll
0x00007fffd16e0000 - 0x00007fffd174c000 	C:\WINDOWS\system32\mswsock.dll
0x00007fffc5210000 - 0x00007fffc5226000 	C:\Program Files\Eclipse Adoptium\jdk-25.0.1.8-hotspot\bin\nio.dll
0x00007fffc18b0000 - 0x00007fffc18c7000 	C:\Program Files\Eclipse Adoptium\jdk-25.0.1.8-hotspot\bin\zip.dll
0x0000021aefed0000 - 0x0000021aefed3000 	C:\Users\Pedro\.openjfx\cache\21+31\amd64\api-ms-win-core-console-l1-1-0.dll
0x0000021aefee0000 - 0x0000021aefee3000 	C:\Users\Pedro\.openjfx\cache\21+31\amd64\api-ms-win-core-console-l1-2-0.dll
0x0000021aefef0000 - 0x0000021aefef3000 	C:\Users\Pedro\.openjfx\cache\21+31\amd64\api-ms-win-core-datetime-l1-1-0.dll
0x0000021aeff00000 - 0x0000021aeff03000 	C:\Users\Pedro\.openjfx\cache\21+31\amd64\api-ms-win-core-debug-l1-1-0.dll
0x0000021aeff10000 - 0x0000021aeff13000 	C:\Users\Pedro\.openjfx\cache\21+31\amd64\api-ms-win-core-errorhandling-l1-1-0.dll
0x0000021aeff20000 - 0x0000021aeff24000 	C:\Users\Pedro\.openjfx\cache\21+31\amd64\api-ms-win-core-file-l1-1-0.dll
0x0000021aeff30000 - 0x0000021aeff33000 	C:\Users\Pedro\.openjfx\cache\21+31\amd64\api-ms-win-core-file-l1-2-0.dll
0x0000021aeff40000 - 0x0000021aeff43000 	C:\Users\Pedro\.openjfx\cache\21+31\amd64\api-ms-win-core-file-l2-1-0.dll
0x0000021aeff50000 - 0x0000021aeff53000 	C:\Users\Pedro\.openjfx\cache\21+31\amd64\api-ms-win-core-handle-l1-1-0.dll
0x0000021aeff60000 - 0x0000021aeff63000 	C:\Users\Pedro\.openjfx\cache\21+31\amd64\api-ms-win-core-heap-l1-1-0.dll
0x0000021aeff70000 - 0x0000021aeff73000 	C:\Users\Pedro\.openjfx\cache\21+31\amd64\api-ms-win-core-interlocked-l1-1-0.dll
0x0000021aeff80000 - 0x0000021aeff83000 	C:\Users\Pedro\.openjfx\cache\21+31\amd64\api-ms-win-core-libraryloader-l1-1-0.dll
0x0000021aeff90000 - 0x0000021aeff93000 	C:\Users\Pedro\.openjfx\cache\21+31\amd64\api-ms-win-core-localization-l1-2-0.dll
0x0000021aeffa0000 - 0x0000021aeffa3000 	C:\Users\Pedro\.openjfx\cache\21+31\amd64\api-ms-win-core-memory-l1-1-0.dll
0x0000021aeffb0000 - 0x0000021aeffb3000 	C:\Users\Pedro\.openjfx\cache\21+31\amd64\api-ms-win-core-namedpipe-l1-1-0.dll
0x0000021aeffc0000 - 0x0000021aeffc3000 	C:\Users\Pedro\.openjfx\cache\21+31\amd64\api-ms-win-core-processenvironment-l1-1-0.dll
0x0000021aeffd0000 - 0x0000021aeffd3000 	C:\Users\Pedro\.openjfx\cache\21+31\amd64\api-ms-win-core-processthreads-l1-1-0.dll
0x0000021aeffe0000 - 0x0000021aeffe3000 	C:\Users\Pedro\.openjfx\cache\21+31\amd64\api-ms-win-core-processthreads-l1-1-1.dll
0x0000021aefff0000 - 0x0000021aefff3000 	C:\Users\Pedro\.openjfx\cache\21+31\amd64\api-ms-win-core-profile-l1-1-0.dll
0x0000021af4970000 - 0x0000021af4973000 	C:\Users\Pedro\.openjfx\cache\21+31\amd64\api-ms-win-core-rtlsupport-l1-1-0.dll
0x0000021af4980000 - 0x0000021af4983000 	C:\Users\Pedro\.openjfx\cache\21+31\amd64\api-ms-win-core-string-l1-1-0.dll
0x0000021af4990000 - 0x0000021af4993000 	C:\Users\Pedro\.openjfx\cache\21+31\amd64\api-ms-win-core-synch-l1-1-0.dll
0x0000021af49a0000 - 0x0000021af49a3000 	C:\Users\Pedro\.openjfx\cache\21+31\amd64\api-ms-win-core-synch-l1-2-0.dll
0x0000021af49b0000 - 0x0000021af49b3000 	C:\Users\Pedro\.openjfx\cache\21+31\amd64\api-ms-win-core-sysinfo-l1-1-0.dll
0x0000021af49c0000 - 0x0000021af49c3000 	C:\Users\Pedro\.openjfx\cache\21+31\amd64\api-ms-win-core-timezone-l1-1-0.dll
0x0000021af49d0000 - 0x0000021af49d3000 	C:\Users\Pedro\.openjfx\cache\21+31\amd64\api-ms-win-core-util-l1-1-0.dll
0x0000021af49e0000 - 0x0000021af49e3000 	C:\Users\Pedro\.openjfx\cache\21+31\amd64\api-ms-win-crt-conio-l1-1-0.dll
0x0000021af49f0000 - 0x0000021af49f4000 	C:\Users\Pedro\.openjfx\cache\21+31\amd64\api-ms-win-crt-convert-l1-1-0.dll
0x0000021af4a00000 - 0x0000021af4a03000 	C:\Users\Pedro\.openjfx\cache\21+31\amd64\api-ms-win-crt-environment-l1-1-0.dll
0x0000021af4a10000 - 0x0000021af4a13000 	C:\Users\Pedro\.openjfx\cache\21+31\amd64\api-ms-win-crt-filesystem-l1-1-0.dll
0x0000021af4a20000 - 0x0000021af4a23000 	C:\Users\Pedro\.openjfx\cache\21+31\amd64\api-ms-win-crt-heap-l1-1-0.dll
0x0000021af4a30000 - 0x0000021af4a33000 	C:\Users\Pedro\.openjfx\cache\21+31\amd64\api-ms-win-crt-locale-l1-1-0.dll
0x0000021af4a40000 - 0x0000021af4a45000 	C:\Users\Pedro\.openjfx\cache\21+31\amd64\api-ms-win-crt-math-l1-1-0.dll
0x0000021af4a50000 - 0x0000021af4a55000 	C:\Users\Pedro\.openjfx\cache\21+31\amd64\api-ms-win-crt-multibyte-l1-1-0.dll
0x0000021af4a60000 - 0x0000021af4a70000 	C:\Users\Pedro\.openjfx\cache\21+31\amd64\api-ms-win-crt-private-l1-1-0.dll
0x0000021af4a70000 - 0x0000021af4a73000 	C:\Users\Pedro\.openjfx\cache\21+31\amd64\api-ms-win-crt-process-l1-1-0.dll
0x0000021af4a80000 - 0x0000021af4a84000 	C:\Users\Pedro\.openjfx\cache\21+31\amd64\api-ms-win-crt-runtime-l1-1-0.dll
0x0000021af4a90000 - 0x0000021af4a94000 	C:\Users\Pedro\.openjfx\cache\21+31\amd64\api-ms-win-crt-stdio-l1-1-0.dll
0x0000021af4aa0000 - 0x0000021af4aa4000 	C:\Users\Pedro\.openjfx\cache\21+31\amd64\api-ms-win-crt-string-l1-1-0.dll
0x0000021af4ab0000 - 0x0000021af4ab3000 	C:\Users\Pedro\.openjfx\cache\21+31\amd64\api-ms-win-crt-time-l1-1-0.dll
0x0000021af4ac0000 - 0x0000021af4ac3000 	C:\Users\Pedro\.openjfx\cache\21+31\amd64\api-ms-win-crt-utility-l1-1-0.dll
0x00007fffac6c0000 - 0x00007fffac7bc000 	C:\Users\Pedro\.openjfx\cache\21+31\amd64\ucrtbase.dll
0x00007fffbf020000 - 0x00007fffbf03b000 	C:\Users\Pedro\.openjfx\cache\21+31\amd64\vcruntime140.dll
0x00007fffc5200000 - 0x00007fffc520c000 	C:\Users\Pedro\.openjfx\cache\21+31\amd64\vcruntime140_1.dll
0x00007fff9d670000 - 0x00007fff9d6fe000 	C:\Users\Pedro\.openjfx\cache\21+31\amd64\msvcp140.dll
0x00007fffbf740000 - 0x00007fffbf749000 	C:\Users\Pedro\.openjfx\cache\21+31\amd64\msvcp140_1.dll
0x00007fffaa220000 - 0x00007fffaa24f000 	C:\Users\Pedro\.openjfx\cache\21+31\amd64\msvcp140_2.dll
0x00007fffa3340000 - 0x00007fffa336f000 	C:\Users\Pedro\.openjfx\cache\21+31\amd64\prism_d3d.dll
0x00007fff3dc80000 - 0x00007fff3de31000 	C:\WINDOWS\system32\d3d9.dll
0x00007fffcedb0000 - 0x00007fffceddf000 	C:\WINDOWS\SYSTEM32\dwmapi.dll
0x00007fffcf2f0000 - 0x00007fffcf334000 	C:\WINDOWS\SYSTEM32\dxcore.dll
0x00007fffcc220000 - 0x00007fffcc2ca000 	C:\WINDOWS\system32\uxtheme.dll
0x00007fff85500000 - 0x00007fff8579f000 	C:\WINDOWS\System32\DriverStore\FileRepository\iigd_dch.inf_amd64_d06417cca12eb20c\igdumdim64.dll
0x00007fff06850000 - 0x00007fff0812d000 	C:\WINDOWS\System32\DriverStore\FileRepository\iigd_dch.inf_amd64_d06417cca12eb20c\igd9trinity64.dll
0x00007fffcec50000 - 0x00007fffced8a000 	C:\WINDOWS\system32\dxgi.dll
0x00007fffb7030000 - 0x00007fffb75c1000 	C:\WINDOWS\System32\DriverStore\FileRepository\iigd_dch.inf_amd64_d06417cca12eb20c\igdgmm64.dll
0x00007fffb1b40000 - 0x00007fffb6af9000 	C:\WINDOWS\System32\DriverStore\FileRepository\iigd_dch.inf_amd64_d06417cca12eb20c\igc64.dll
0x00007fffd1f70000 - 0x00007fffd1fc1000 	C:\WINDOWS\SYSTEM32\CFGMGR32.dll
0x00007fffc6a90000 - 0x00007fffc6aef000 	C:\WINDOWS\SYSTEM32\directxdatabasehelper.dll
0x00007fff16b00000 - 0x00007fff18210000 	C:\WINDOWS\System32\DriverStore\FileRepository\iigd_dch.inf_amd64_d06417cca12eb20c\igd9dxva64.dll
0x00007fffd3360000 - 0x00007fffd37e7000 	C:\WINDOWS\System32\SETUPAPI.dll
0x00007fff9b4f0000 - 0x00007fff9d562000 	C:\WINDOWS\System32\DriverStore\FileRepository\iigd_dch.inf_amd64_d06417cca12eb20c\media_bin_64.dll
0x00007fffbde90000 - 0x00007fffbdf55000 	C:\WINDOWS\System32\DriverStore\FileRepository\nvhm.inf_amd64_f0c4c3905d48bee7\nvldumdx.dll
0x00007fffd1b20000 - 0x00007fffd1b33000 	C:\WINDOWS\SYSTEM32\msasn1.dll
0x00007fffc51a0000 - 0x00007fffc51db000 	C:\WINDOWS\SYSTEM32\cryptnet.dll
0x00007fffd2850000 - 0x00007fffd29c8000 	C:\WINDOWS\System32\CRYPT32.dll
0x00007fffd1990000 - 0x00007fffd199c000 	C:\WINDOWS\SYSTEM32\cryptbase.dll
0x00007fffd1a60000 - 0x00007fffd1aca000 	C:\WINDOWS\SYSTEM32\wldp.dll
0x00007fffc54b0000 - 0x00007fffc5628000 	C:\WINDOWS\SYSTEM32\drvstore.dll
0x00007fffd1fd0000 - 0x00007fffd1ffd000 	C:\WINDOWS\SYSTEM32\devobj.dll
0x00007fffd2310000 - 0x00007fffd2393000 	C:\WINDOWS\System32\wintrust.dll
0x00007fffd3940000 - 0x00007fffd3960000 	C:\WINDOWS\System32\imagehlp.dll
0x00007fffd1970000 - 0x00007fffd198b000 	C:\WINDOWS\SYSTEM32\CRYPTSP.dll
0x00007fffd10e0000 - 0x00007fffd1119000 	C:\WINDOWS\system32\rsaenh.dll
0x00007fffd2200000 - 0x00007fffd222a000 	C:\WINDOWS\SYSTEM32\bcrypt.dll
0x00007fff25cf0000 - 0x00007fff2a9ef000 	C:\WINDOWS\System32\DriverStore\FileRepository\nvhm.inf_amd64_f0c4c3905d48bee7\nvgpucomp64.dll
0x00007fffbc4e0000 - 0x00007fffbc610000 	C:\WINDOWS\System32\DriverStore\FileRepository\nvhm.inf_amd64_f0c4c3905d48bee7\NvMemMapStoragex.dll
0x00007ffec99a0000 - 0x00007ffecbcc3000 	C:\WINDOWS\System32\DriverStore\FileRepository\nvhm.inf_amd64_f0c4c3905d48bee7\nvd3dumx.dll
0x00007fff9d620000 - 0x00007fff9d662000 	C:\Users\Pedro\.openjfx\cache\21+31\amd64\glass.dll
0x00007fffd2df0000 - 0x00007fffd2ee2000 	C:\WINDOWS\System32\COMDLG32.dll
0x00007fffd4530000 - 0x00007fffd468d000 	C:\WINDOWS\System32\MSCTF.dll
0x00007fff85390000 - 0x00007fff854f6000 	C:\WINDOWS\System32\DriverStore\FileRepository\iigd_dch.inf_amd64_d06417cca12eb20c\igdml64.dll
0x00007fff9f800000 - 0x00007fff9f828000 	C:\WINDOWS\System32\DriverStore\FileRepository\iigd_dch.inf_amd64_d06417cca12eb20c\igdinfo64.dll
0x00007fffbde00000 - 0x00007fffbde14000 	C:\Users\Pedro\.openjfx\cache\21+31\amd64\javafx_font.dll

JVMTI agents: none

dbghelp: loaded successfully - version: 4.0.5 - missing functions: none
symbol engine: initialized successfully - sym options: 0x614 - pdb path: .;C:\Program Files\Eclipse Adoptium\jdk-25.0.1.8-hotspot\bin;C:\WINDOWS\SYSTEM32;C:\WINDOWS\WinSxS\amd64_microsoft.windows.common-controls_6595b64144ccf1df_6.0.26100.8521_none_3e08b75ce33403b3;C:\Program Files\Eclipse Adoptium\jdk-25.0.1.8-hotspot\bin\server;C:\Users\Pedro\.openjfx\cache\21+31\amd64;C:\WINDOWS\System32\DriverStore\FileRepository\iigd_dch.inf_amd64_d06417cca12eb20c;C:\WINDOWS\System32\DriverStore\FileRepository\nvhm.inf_amd64_f0c4c3905d48bee7;C:\Program Files\Common Files\Microsoft Shared\Ink;C:\Users\Pedro\AppData\Local\Temp\Aparapi4088790501044998154;C:\Users\Pedro\AppData\Local\Temp\Aparapi8649149552082426579;C:\Users\Pedro\AppData\Local\Temp\Aparapi10067252991978788431

VM Arguments:
jvm_args: --module-path=C:\Users\Pedro\.m2\repository\org\openjfx\javafx-base\21\javafx-base-21-win.jar;C:\Users\Pedro\.m2\repository\org\openjfx\javafx-base\21\javafx-base-21.jar;C:\Users\Pedro\.m2\repository\org\openjfx\javafx-controls\21\javafx-controls-21-win.jar;C:\Users\Pedro\.m2\repository\org\openjfx\javafx-controls\21\javafx-controls-21.jar;C:\Users\Pedro\.m2\repository\org\openjfx\javafx-graphics\21\javafx-graphics-21-win.jar;C:\Users\Pedro\.m2\repository\org\openjfx\javafx-graphics\21\javafx-graphics-21.jar --add-modules=javafx.base,javafx.controls,javafx.graphics 
java_command: view.Main --gpu
java_class_path (initial): C:\Users\Pedro\Desktop\ufop\V Periodo\Paralela\NBody-Simulator\target\classes;C:\Users\Pedro\.m2\repository\com\aparapi\aparapi\3.0.0\aparapi-3.0.0.jar;C:\Users\Pedro\.m2\repository\com\aparapi\aparapi-jni\1.4.3\aparapi-jni-1.4.3.jar;C:\Users\Pedro\.m2\repository\org\apache\bcel\bcel\6.5.0\bcel-6.5.0.jar;C:\Users\Pedro\.m2\repository\org\scala-lang\scala-library\2.13.6\scala-library-2.13.6.jar
Launcher Type: SUN_STANDARD

[Global flags]
     intx CICompilerCount                          = 15                                        {product} {ergonomic}
     uint ConcGCThreads                            = 6                                         {product} {ergonomic}
     uint G1ConcRefinementThreads                  = 23                                        {product} {ergonomic}
   size_t G1HeapRegionSize                         = 2097152                                   {product} {ergonomic}
   size_t InitialHeapSize                          = 264241152                                 {product} {ergonomic}
   size_t MarkStackSize                            = 4194304                                   {product} {ergonomic}
   size_t MarkStackSizeMax                         = 536870912                                 {product} {ergonomic}
   size_t MaxHeapSize                              = 4215275520                                {product} {ergonomic}
   size_t MaxNewSize                               = 2529165312                                {product} {ergonomic}
   size_t MinHeapDeltaBytes                        = 2097152                                   {product} {ergonomic}
   size_t MinHeapSize                              = 8388608                                   {product} {ergonomic}
    uintx NonNMethodCodeHeapSize                   = 8192000                                {pd product} {ergonomic}
    uintx NonProfiledCodeHeapSize                  = 121765888                              {pd product} {ergonomic}
    uintx ProfiledCodeHeapSize                     = 121700352                              {pd product} {ergonomic}
    uintx ReservedCodeCacheSize                    = 251658240                              {pd product} {ergonomic}
     bool SegmentedCodeCache                       = true                                      {product} {ergonomic}
   size_t SoftMaxHeapSize                          = 4215275520                             {manageable} {ergonomic}
     bool UseCompressedOops                        = true                           {product lp64_product} {ergonomic}
     bool UseG1GC                                  = true                                      {product} {ergonomic}
     bool UseLargePagesIndividualAllocation        = false                                  {pd product} {ergonomic}

Logging:
Log output configuration:
 #0: stdout all=warning uptime,level,tags foldmultilines=false
 #1: stderr all=off uptime,level,tags foldmultilines=false

Release file:
IMPLEMENTOR="Eclipse Adoptium" 
IMPLEMENTOR_VERSION="Temurin-25.0.1+8" 
JAVA_RUNTIME_VERSION="25.0.1+8-LTS" 
JAVA_VERSION="25.0.1" 
JAVA_VERSION_DATE="2025-10-21" 
LIBC="default" 
MODULES="java.base java.compiler java.datatransfer java.xml java.prefs java.desktop java.instrument java.logging java.management java.security.sasl java.naming java.rmi java.management.rmi java.net.http java.scripting java.security.jgss java.transaction.xa java.sql java.sql.rowset java.xml.crypto java.se java.smartcardio jdk.accessibility jdk.internal.jvmstat jdk.attach jdk.charsets jdk.internal.opt jdk.zipfs jdk.compiler jdk.crypto.cryptoki jdk.crypto.ec jdk.crypto.mscapi jdk.dynalink jdk.internal.ed jdk.editpad jdk.internal.vm.ci jdk.graal.compiler jdk.graal.compiler.management jdk.hotspot.agent jdk.httpserver jdk.incubator.vector jdk.internal.le jdk.internal.md jdk.jartool jdk.javadoc jdk.jcmd jdk.management jdk.management.agent jdk.jconsole jdk.jdeps jdk.jdwp.agent jdk.jdi jdk.jfr jdk.jlink jdk.jpackage jdk.jshell jdk.jsobject jdk.jstatd jdk.localedata jdk.management.jfr jdk.naming.dns jdk.naming.rmi jdk.net jdk.nio.mapmode jdk.sctp jdk.security.auth jdk.security.jgss jdk.unsupported jdk.unsupported.desktop jdk.xml.dom" 
OS_ARCH="x86_64" 
OS_NAME="Windows" 
SOURCE=".:git:61d6a2c1b35e" 
BUILD_SOURCE="git:839fa0b45d809157cffd3dc8515aad262a4a1776"
BUILD_SOURCE_REPO="https://github.com/adoptium/temurin-build.git"
SOURCE_REPO="https://github.com/adoptium/jdk25u.git"
FULL_VERSION="25.0.1+8-LTS"
SEMANTIC_VERSION="25.0.1+8"
BUILD_INFO="OS: Windows Server 2022 Version: 10.0"
JVM_VARIANT="Hotspot"
JVM_VERSION="25.0.1+8-LTS"
IMAGE_TYPE="JDK"

Environment Variables:
PATH=C:\Program Files\Eclipse Adoptium\jdk-25.0.1.8-hotspot\bin;C:\Program Files\Common Files\Oracle\Java\javapath;C:\Program Files (x86)\Common Files\Oracle\Java\java8path;C:\Program Files (x86)\Common Files\Oracle\Java\javapath;C:\Python312\Scripts\;C:\Python312\;C:\windows\system32;C:\windows;C:\windows\System32\Wbem;C:\windows\System32\WindowsPowerShell\v1.0\;C:\windows\System32\OpenSSH\;C:\Program Files (x86)\NVIDIA Corporation\PhysX\Common;C:\Program Files\NVIDIA Corporation\NVIDIA NvDLISR;C:\Users\Administrator\AppData\Local\Microsoft\WindowsApps;C:\Program Files\HP\OMEN-Broadcast\Common;C:\Program Files\nodejs\;C:\ProgramData\chocolatey\bin;C:\Program Files\Neovim\bin;C:\Program Files\Git\cmd;C:\WINDOWS\system32;C:\WINDOWS;C:\WINDOWS\System32\Wbem;C:\WINDOWS\System32\WindowsPowerShell\v1.0\;C:\WINDOWS\System32\OpenSSH\;C:\Program Files\Docker\Docker\resources\bin;C:\Program Files\doxygen\bin;C:\Program Files\dotnet\;C:\Program Files (x86)\Windows Kits\10\Windows Performance Toolkit\;C:\Program Files\GitHub CLI\;C:\Users\Pedro\AppData\Local\Programs\Eclipse Adoptium\jdk-21.0.5.11-hotspot\bin;C:\Users\Pedro\AppData\Local\Microsoft\WindowsApps;C:\Users\Pedro\AppData\Roaming\npm;C:\Users\Pedro\AppData\Local\Programs\Microsoft VS Code\bin;C:\ghcup\bin;C:\Users\Pedro\AppData\Local\Programs\MiKTeX\miktex\bin\x64\;C:\Users\Pedro\AppData\Local\GitHubDesktop\bin;C:\MinGW\bin\;C:\Users\Pedro\Desktop\ufop\III Período\ED2\TP2-Ed2\MinGW\bin;C:\Users\Pedro\Desktop\PhoenixSuit-master\PhoenixSuit-master\;C:\Maven\apache-maven-3.9.6\bin
USERNAME=Pedro
OS=Windows_NT
PROCESSOR_IDENTIFIER=Intel64 Family 6 Model 183 Stepping 1, GenuineIntel
TMP=C:\Users\Pedro\AppData\Local\Temp
TEMP=C:\Users\Pedro\AppData\Local\Temp




Compilation memory statistics disabled.

Periodic native trim disabled

---------------  S Y S T E M  ---------------

OS:
 Windows 11 , 64 bit Build 26100 (10.0.26100.8521)
OS uptime: 15 days 6:13 hours
Hyper-V role detected

CPU: total 32 (initial active 32) (16 cores per cpu, 2 threads per core) family 6 model 183 stepping 1 microcode 0x129, cx8, cmov, fxsr, ht, mmx, 3dnowpref, sse, sse2, sse3, ssse3, sse4.1, sse4.2, popcnt, lzcnt, tsc, tscinvbit, avx, avx2, aes, erms, clmul, bmi1, bmi2, adx, sha, fma, vzeroupper, clflush, clflushopt, clwb, hv, serialize, rdtscp, rdpid, fsrm, gfni, f16c, cet_ibt, cet_ss
Processor Information for processor 0
  Max Mhz: 2200, Current Mhz: 2200, Mhz Limit: 2200
Processor Information for processor 1
  Max Mhz: 2200, Current Mhz: 1466, Mhz Limit: 2200
Processor Information for processor 2
  Max Mhz: 2200, Current Mhz: 1466, Mhz Limit: 2200
Processor Information for processor 3
  Max Mhz: 2200, Current Mhz: 2200, Mhz Limit: 2200
Processor Information for processor 4
  Max Mhz: 2200, Current Mhz: 2200, Mhz Limit: 2200
Processor Information for processor 5
  Max Mhz: 2200, Current Mhz: 2200, Mhz Limit: 2200
Processor Information for processor 6
  Max Mhz: 2200, Current Mhz: 1466, Mhz Limit: 2200
Processor Information for processor 7
  Max Mhz: 2200, Current Mhz: 1466, Mhz Limit: 2200
Processor Information for processor 8
  Max Mhz: 2200, Current Mhz: 2200, Mhz Limit: 2200
Processor Information for processor 9
  Max Mhz: 2200, Current Mhz: 2200, Mhz Limit: 2200
Processor Information for processor 10
  Max Mhz: 2200, Current Mhz: 2200, Mhz Limit: 2200
Processor Information for processor 11
  Max Mhz: 2200, Current Mhz: 2200, Mhz Limit: 2200
Processor Information for processor 12
  Max Mhz: 2200, Current Mhz: 2200, Mhz Limit: 2200
Processor Information for processor 13
  Max Mhz: 2200, Current Mhz: 1466, Mhz Limit: 2200
Processor Information for processor 14
  Max Mhz: 2200, Current Mhz: 2200, Mhz Limit: 2200
Processor Information for processor 15
  Max Mhz: 2200, Current Mhz: 2200, Mhz Limit: 2200
Processor Information for processor 16
  Max Mhz: 2200, Current Mhz: 1512, Mhz Limit: 2200
Processor Information for processor 17
  Max Mhz: 2200, Current Mhz: 1512, Mhz Limit: 2200
Processor Information for processor 18
  Max Mhz: 2200, Current Mhz: 1512, Mhz Limit: 2200
Processor Information for processor 19
  Max Mhz: 2200, Current Mhz: 1512, Mhz Limit: 2200
Processor Information for processor 20
  Max Mhz: 2200, Current Mhz: 1512, Mhz Limit: 2200
Processor Information for processor 21
  Max Mhz: 2200, Current Mhz: 1512, Mhz Limit: 2200
Processor Information for processor 22
  Max Mhz: 2200, Current Mhz: 1512, Mhz Limit: 2200
Processor Information for processor 23
  Max Mhz: 2200, Current Mhz: 1512, Mhz Limit: 2200
Processor Information for processor 24
  Max Mhz: 2200, Current Mhz: 1512, Mhz Limit: 2200
Processor Information for processor 25
  Max Mhz: 2200, Current Mhz: 1512, Mhz Limit: 2200
Processor Information for processor 26
  Max Mhz: 2200, Current Mhz: 2200, Mhz Limit: 2200
Processor Information for processor 27
  Max Mhz: 2200, Current Mhz: 2200, Mhz Limit: 2200
Processor Information for processor 28
  Max Mhz: 2200, Current Mhz: 1512, Mhz Limit: 2200
Processor Information for processor 29
  Max Mhz: 2200, Current Mhz: 1512, Mhz Limit: 2200
Processor Information for processor 30
  Max Mhz: 2200, Current Mhz: 1512, Mhz Limit: 2200
Processor Information for processor 31
  Max Mhz: 2200, Current Mhz: 1512, Mhz Limit: 2200

Memory: 4k page, system-wide physical 16077M (2065M free)
TotalPageFile size 48759M (AvailPageFile size 19406M)
current process WorkingSet (physical memory assigned to process): 313M, peak: 313M
current process commit charge ("private bytes"): 733M, peak: 733M

vm_info: OpenJDK 64-Bit Server VM (25.0.1+8-LTS) for windows-amd64 JRE (25.0.1+8-LTS), built on 2025-10-21T00:00:00Z with unknown MS VC++:1942

END.
